Archive member included to satisfy reference by file (symbol)

c:/progra~1/raspbe~1/picosd~1.1/gcc-ar~1/bin/../lib/gcc/arm-none-eabi/10.3.1/thumb/v6-m/nofp\libgcc.a(_dvmd_tls.o)
                              CMakeFiles/test.dir/C_/Program_Files/Raspberry_Pi/Pico_SDK_v1.5.1/pico-sdk/src/rp2_common/pico_divider/divider.S.obj (__aeabi_idiv0)
c:/progra~1/raspbe~1/picosd~1.1/gcc-ar~1/bin/../lib/gcc/arm-none-eabi/10.3.1/../../../../arm-none-eabi/lib/thumb/v6-m/nofp\libg.a(lib_a-atoi.o)
                              CMakeFiles/test.dir/C_/Users/dzwir/Documents/Projekte/scm/Crossline/crossline.c.obj (atoi)
c:/progra~1/raspbe~1/picosd~1.1/gcc-ar~1/bin/../lib/gcc/arm-none-eabi/10.3.1/../../../../arm-none-eabi/lib/thumb/v6-m/nofp\libg.a(lib_a-calloc.o)
                              CMakeFiles/test.dir/C_/Program_Files/Raspberry_Pi/Pico_SDK_v1.5.1/pico-sdk/src/rp2_common/pico_malloc/pico_malloc.c.obj (calloc)
c:/progra~1/raspbe~1/picosd~1.1/gcc-ar~1/bin/../lib/gcc/arm-none-eabi/10.3.1/../../../../arm-none-eabi/lib/thumb/v6-m/nofp\libg.a(lib_a-callocr.o)
                              c:/progra~1/raspbe~1/picosd~1.1/gcc-ar~1/bin/../lib/gcc/arm-none-eabi/10.3.1/../../../../arm-none-eabi/lib/thumb/v6-m/nofp\libg.a(lib_a-calloc.o) (_calloc_r)
c:/progra~1/raspbe~1/picosd~1.1/gcc-ar~1/bin/../lib/gcc/arm-none-eabi/10.3.1/../../../../arm-none-eabi/lib/thumb/v6-m/nofp\libg.a(lib_a-ctype_.o)
                              CMakeFiles/test.dir/C_/Users/dzwir/Documents/Projekte/scm/Crossline/crossline.c.obj (_ctype_)
c:/progra~1/raspbe~1/picosd~1.1/gcc-ar~1/bin/../lib/gcc/arm-none-eabi/10.3.1/../../../../arm-none-eabi/lib/thumb/v6-m/nofp\libg.a(lib_a-errno.o)
                              CMakeFiles/test.dir/C_/Users/dzwir/Documents/Projekte/scm/Crossline/crossline.c.obj (__errno)
c:/progra~1/raspbe~1/picosd~1.1/gcc-ar~1/bin/../lib/gcc/arm-none-eabi/10.3.1/../../../../arm-none-eabi/lib/thumb/v6-m/nofp\libg.a(lib_a-fclose.o)
                              CMakeFiles/test.dir/C_/Users/dzwir/Documents/Projekte/scm/Crossline/crossline.c.obj (fclose)
c:/progra~1/raspbe~1/picosd~1.1/gcc-ar~1/bin/../lib/gcc/arm-none-eabi/10.3.1/../../../../arm-none-eabi/lib/thumb/v6-m/nofp\libg.a(lib_a-fflush.o)
                              c:/progra~1/raspbe~1/picosd~1.1/gcc-ar~1/bin/../lib/gcc/arm-none-eabi/10.3.1/../../../../arm-none-eabi/lib/thumb/v6-m/nofp\libg.a(lib_a-fclose.o) (__sflush_r)
c:/progra~1/raspbe~1/picosd~1.1/gcc-ar~1/bin/../lib/gcc/arm-none-eabi/10.3.1/../../../../arm-none-eabi/lib/thumb/v6-m/nofp\libg.a(lib_a-fgets.o)
                              CMakeFiles/test.dir/C_/Users/dzwir/Documents/Projekte/scm/Crossline/crossline.c.obj (fgets)
c:/progra~1/raspbe~1/picosd~1.1/gcc-ar~1/bin/../lib/gcc/arm-none-eabi/10.3.1/../../../../arm-none-eabi/lib/thumb/v6-m/nofp\libg.a(lib_a-findfp.o)
                              c:/progra~1/raspbe~1/picosd~1.1/gcc-ar~1/bin/../lib/gcc/arm-none-eabi/10.3.1/../../../../arm-none-eabi/lib/thumb/v6-m/nofp\libg.a(lib_a-fclose.o) (__sinit)
c:/progra~1/raspbe~1/picosd~1.1/gcc-ar~1/bin/../lib/gcc/arm-none-eabi/10.3.1/../../../../arm-none-eabi/lib/thumb/v6-m/nofp\libg.a(lib_a-fopen.o)
                              CMakeFiles/test.dir/C_/Users/dzwir/Documents/Projekte/scm/Crossline/crossline.c.obj (fopen)
c:/progra~1/raspbe~1/picosd~1.1/gcc-ar~1/bin/../lib/gcc/arm-none-eabi/10.3.1/../../../../arm-none-eabi/lib/thumb/v6-m/nofp\libg.a(lib_a-fprintf.o)
                              CMakeFiles/test.dir/C_/Users/dzwir/Documents/Projekte/scm/Crossline/crossline.c.obj (fprintf)
c:/progra~1/raspbe~1/picosd~1.1/gcc-ar~1/bin/../lib/gcc/arm-none-eabi/10.3.1/../../../../arm-none-eabi/lib/thumb/v6-m/nofp\libg.a(lib_a-freer.o)
                              c:/progra~1/raspbe~1/picosd~1.1/gcc-ar~1/bin/../lib/gcc/arm-none-eabi/10.3.1/../../../../arm-none-eabi/lib/thumb/v6-m/nofp\libg.a(lib_a-fclose.o) (_free_r)
c:/progra~1/raspbe~1/picosd~1.1/gcc-ar~1/bin/../lib/gcc/arm-none-eabi/10.3.1/../../../../arm-none-eabi/lib/thumb/v6-m/nofp\libg.a(lib_a-fseek.o)
                              c:/progra~1/raspbe~1/picosd~1.1/gcc-ar~1/bin/../lib/gcc/arm-none-eabi/10.3.1/../../../../arm-none-eabi/lib/thumb/v6-m/nofp\libg.a(lib_a-fopen.o) (_fseek_r)
c:/progra~1/raspbe~1/picosd~1.1/gcc-ar~1/bin/../lib/gcc/arm-none-eabi/10.3.1/../../../../arm-none-eabi/lib/thumb/v6-m/nofp\libg.a(lib_a-fseeko.o)
                              c:/progra~1/raspbe~1/picosd~1.1/gcc-ar~1/bin/../lib/gcc/arm-none-eabi/10.3.1/../../../../arm-none-eabi/lib/thumb/v6-m/nofp\libg.a(lib_a-fseek.o) (_fseeko_r)
c:/progra~1/raspbe~1/picosd~1.1/gcc-ar~1/bin/../lib/gcc/arm-none-eabi/10.3.1/../../../../arm-none-eabi/lib/thumb/v6-m/nofp\libg.a(lib_a-fstatr.o)
                              c:/progra~1/raspbe~1/picosd~1.1/gcc-ar~1/bin/../lib/gcc/arm-none-eabi/10.3.1/../../../../arm-none-eabi/lib/thumb/v6-m/nofp\libg.a(lib_a-fseeko.o) (_fstat_r)
c:/progra~1/raspbe~1/picosd~1.1/gcc-ar~1/bin/../lib/gcc/arm-none-eabi/10.3.1/../../../../arm-none-eabi/lib/thumb/v6-m/nofp\libg.a(lib_a-fwalk.o)
[...]
Memory Configuration

Name             Origin             Length             Attributes
FLASH            0x10000000         0x00200000         xr
RAM              0x20000000         0x00040000         xrw
SCRATCH_X        0x20040000         0x00001000         xrw
SCRATCH_Y        0x20041000         0x00001000         xrw
*default*        0x00000000         0xffffffff

Linker script and memory map

LOAD c:/progra~1/raspbe~1/picosd~1.1/gcc-ar~1/bin/../lib/gcc/arm-none-eabi/10.3.1/thumb/v6-m/nofp/crti.o
LOAD c:/progra~1/raspbe~1/picosd~1.1/gcc-ar~1/bin/../lib/gcc/arm-none-eabi/10.3.1/thumb/v6-m/nofp/crtbegin.o
LOAD c:/progra~1/raspbe~1/picosd~1.1/gcc-ar~1/bin/../lib/gcc/arm-none-eabi/10.3.1/../../../../arm-none-eabi/lib/thumb/v6-m/nofp/crt0.o

.flash_begin    0x10000000        0x0
                0x10000000                __flash_binary_start = .

.boot2          0x10000000      0x100
                0x10000000                __boot2_start__ = .
 *(.boot2)
 .boot2         0x10000000      0x100 C:\Users\dzwir\AppData\Local\Temp\ccmUWked.o
                0x10000100                __boot2_end__ = .
                0x00000001                ASSERT (((__boot2_end__ - __boot2_start__) == 0x100), ERROR: Pico second stage bootloader must be 256 bytes in size)

.text           0x10000100    0x12868
                0x10000100                __logical_binary_start = .
 *(.vectors)
 .vectors       0x10000100       0xd4 CMakeFiles/test.dir/C_/Program_Files/Raspberry_Pi/Pico_SDK_v1.5.1/pico-sdk/src/rp2_common/pico_standard_link/crt0.S.obj
                0x10000100                __VECTOR_TABLE
                0x10000100                __vectors
                0x100001c0                isr_invalid
                0x100001c0                __default_isrs_start
                0x100001c2                isr_nmi
                0x100001c4                isr_hardfault
                0x100001c6                isr_svcall
                0x100001c8                isr_pendsv
                0x100001ca                isr_systick
                0x100001cc                isr_irq23
                0x100001cc                isr_irq18
                0x100001cc                isr_irq11
                0x100001cc                isr_irq28
                0x100001cc                isr_irq19
                0x100001cc                isr_irq0
                0x100001cc                isr_irq6
                0x100001cc                isr_irq5
                0x100001cc                isr_irq12
                0x100001cc                isr_irq22
                0x100001cc                isr_irq31
                0x100001cc                isr_irq17
                0x100001cc                isr_irq27
                0x100001cc                isr_irq30
                0x100001cc                isr_irq2
                0x100001cc                isr_irq10
                0x100001cc                isr_irq8
                0x100001cc                isr_irq24
                0x100001cc                isr_irq1
                0x100001cc                isr_irq7
                0x100001cc                isr_irq21
                0x100001cc                isr_irq20
                0x100001cc                isr_irq15
                0x100001cc                isr_irq25
                0x100001cc                isr_irq13
                0x100001cc                __unhandled_user_irq
                0x100001cc                isr_irq4
                0x100001cc                isr_irq16
                0x100001cc                isr_irq29
                0x100001cc                isr_irq26
                0x100001cc                __default_isrs_end
                0x100001cc                isr_irq3
                0x100001cc                isr_irq14
                0x100001cc                isr_irq9
                0x100001d2                unhandled_user_irq_num_in_r0
 *(.binary_info_header)
 .binary_info_header
                0x100001d4       0x14 CMakeFiles/test.dir/C_/Program_Files/Raspberry_Pi/Pico_SDK_v1.5.1/pico-sdk/src/rp2_common/pico_standard_link/crt0.S.obj
                0x100001e8                __binary_info_header_end = .
 *(.reset)
 .reset         0x100001e8       0xa0 CMakeFiles/test.dir/C_/Program_Files/Raspberry_Pi/Pico_SDK_v1.5.1/pico-sdk/src/rp2_common/pico_standard_link/crt0.S.obj
                0x100001e8                _entry_point
 .reset         0x10000288       0x30 CMakeFiles/test.dir/C_/Program_Files/Raspberry_Pi/Pico_SDK_v1.5.1/pico-sdk/src/rp2_common/pico_standard_link/binary_info.c.obj
 *(.init)
 .init          0x100002b8        0x4 c:/progra~1/raspbe~1/picosd~1.1/gcc-ar~1/bin/../lib/gcc/arm-none-eabi/10.3.1/thumb/v6-m/nofp/crti.o
                0x100002b8                _init
 *(EXCLUDE_FILE(*libm.a: *libc.a:*lib_a-mem*.o *libgcc.a:) .text*)
 .text          0x100002bc       0x48 c:/progra~1/raspbe~1/picosd~1.1/gcc-ar~1/bin/../lib/gcc/arm-none-eabi/10.3.1/thumb/v6-m/nofp/crtbegin.o
 .text._ZL15completion_hookPKcP23crossline_completions_t
                0x10000304       0x3c CMakeFiles/test.dir/main.cpp.obj
 .text.crossline_getch_timeout
                0x10000340       0x18 CMakeFiles/test.dir/main.cpp.obj
                0x10000340                crossline_getch_timeout
 .text.crossline_getch
                0x10000358        0x8 CMakeFiles/test.dir/main.cpp.obj
                0x10000358                crossline_getch
 .text.main     0x10000360       0x38 CMakeFiles/test.dir/main.cpp.obj
                0x10000360                main
 .text.str_to_lower
                0x10000398       0x24 CMakeFiles/test.dir/C_/Users/dzwir/Documents/Projekte/scm/Crossline/crossline.c.obj
 .text.crossline_key_esc2alt
                0x100003bc       0x90 CMakeFiles/test.dir/C_/Users/dzwir/Documents/Projekte/scm/Crossline/crossline.c.obj
 .text.crossline_key_mapping
                0x1000044c       0xc4 CMakeFiles/test.dir/C_/Users/dzwir/Documents/Projekte/scm/Crossline/crossline.c.obj
 .text.crossline_get_esckey
                0x10000510       0x98 CMakeFiles/test.dir/C_/Users/dzwir/Documents/Projekte/scm/Crossline/crossline.c.obj
 .text.crossline_getkey
                0x100005a8       0x30 CMakeFiles/test.dir/C_/Users/dzwir/Documents/Projekte/scm/Crossline/crossline.c.obj
 .text.crossline_split_patterns
                0x100005d8       0x96 CMakeFiles/test.dir/C_/Users/dzwir/Documents/Projekte/scm/Crossline/crossline.c.obj
 .text.crossline_text_copy
                0x1000066e       0x26 CMakeFiles/test.dir/C_/Users/dzwir/Documents/Projekte/scm/Crossline/crossline.c.obj
 .text.crossline_match_patterns
                0x10000694       0x56 CMakeFiles/test.dir/C_/Users/dzwir/Documents/Projekte/scm/Crossline/crossline.c.obj
 *fill*         0x100006ea        0x2 
 .text.crossline_history_clear
                0x100006ec       0x1c CMakeFiles/test.dir/C_/Users/dzwir/Documents/Projekte/scm/Crossline/crossline.c.obj
                0x100006ec                crossline_history_clear
 .text.crossline_completion_register
                0x10000708        0xc CMakeFiles/test.dir/C_/Users/dzwir/Documents/Projekte/scm/Crossline/crossline.c.obj
                0x10000708                crossline_completion_register
 .text.crossline_completion_add_color
                0x10000714       0x80 CMakeFiles/test.dir/C_/Users/dzwir/Documents/Projekte/scm/Crossline/crossline.c.obj
                0x10000714                crossline_completion_add_color
 .text.crossline_completion_add
                0x10000794       0x12 CMakeFiles/test.dir/C_/Users/dzwir/Documents/Projekte/scm/Crossline/crossline.c.obj
                0x10000794                crossline_completion_add
 *fill*         0x100007a6        0x2 
 .text.crossline_screen_clear
                0x100007a8       0x18 CMakeFiles/test.dir/C_/Users/dzwir/Documents/Projekte/scm/Crossline/crossline.c.obj
                0x100007a8                crossline_screen_clear
 .text.crossline_cursor_get
                0x100007c0       0x78 CMakeFiles/test.dir/C_/Users/dzwir/Documents/Projekte/scm/Crossline/crossline.c.obj
                0x100007c0                crossline_cursor_get
 .text.crossline_cursor_set
                0x10000838       0x20 CMakeFiles/test.dir/C_/Users/dzwir/Documents/Projekte/scm/Crossline/crossline.c.obj
                0x10000838                crossline_cursor_set
 .text.crossline_screen_get
                0x10000858       0x64 CMakeFiles/test.dir/C_/Users/dzwir/Documents/Projekte/scm/Crossline/crossline.c.obj
                0x10000858                crossline_screen_get
 .text.crossline_paging_check
                0x100008bc       0xc8 CMakeFiles/test.dir/C_/Users/dzwir/Documents/Projekte/scm/Crossline/crossline.c.obj
                0x100008bc                crossline_paging_check
 .text.crossline_show_help
                0x10000984       0x44 CMakeFiles/test.dir/C_/Users/dzwir/Documents/Projekte/scm/Crossline/crossline.c.obj
 .text.crossline_history_dump
                0x100009c8       0xd4 CMakeFiles/test.dir/C_/Users/dzwir/Documents/Projekte/scm/Crossline/crossline.c.obj
 .text.crossline_history_show
                0x10000a9c       0x28 CMakeFiles/test.dir/C_/Users/dzwir/Documents/Projekte/scm/Crossline/crossline.c.obj
                0x10000a9c                crossline_history_show
 .text.crossline_cursor_move
                0x10000ac4       0x48 CMakeFiles/test.dir/C_/Users/dzwir/Documents/Projekte/scm/Crossline/crossline.c.obj
                0x10000ac4                crossline_cursor_move
 .text.crossline_updown_move
                0x10000b0c       0xda CMakeFiles/test.dir/C_/Users/dzwir/Documents/Projekte/scm/Crossline/crossline.c.obj
 *fill*         0x10000be6        0x2 
 .text.crossline_color_set
                0x10000be8       0x74 CMakeFiles/test.dir/C_/Users/dzwir/Documents/Projekte/scm/Crossline/crossline.c.obj
                0x10000be8                crossline_color_set
 .text.crossline_show_completions
                0x10000c5c      0x208 CMakeFiles/test.dir/C_/Users/dzwir/Documents/Projekte/scm/Crossline/crossline.c.obj
 .text.crossline_refreash
                0x10000e64      0x194 CMakeFiles/test.dir/C_/Users/dzwir/Documents/Projekte/scm/Crossline/crossline.c.obj
 .text.crossline_history_copy
                0x10000ff8       0x54 CMakeFiles/test.dir/C_/Users/dzwir/Documents/Projekte/scm/Crossline/crossline.c.obj
 .text.crossline_print
                0x1000104c       0x1e CMakeFiles/test.dir/C_/Users/dzwir/Documents/Projekte/scm/Crossline/crossline.c.obj
 *fill*         0x1000106a        0x2 
 .text.crossline_readline_edit
                0x1000106c     0x11ac CMakeFiles/test.dir/C_/Users/dzwir/Documents/Projekte/scm/Crossline/crossline.c.obj
 .text.crossline_readline_internal
                0x10002218       0xb4 CMakeFiles/test.dir/C_/Users/dzwir/Documents/Projekte/scm/Crossline/crossline.c.obj
 .text.crossline_readline
                0x100022cc        0xa CMakeFiles/test.dir/C_/Users/dzwir/Documents/Projekte/scm/Crossline/crossline.c.obj
                0x100022cc                crossline_readline
 *fill*         0x100022d6        0x2 
 .text.crossline_history_search
                0x100022d8       0xe0 CMakeFiles/test.dir/C_/Users/dzwir/Documents/Projekte/scm/Crossline/crossline.c.obj
 .text.running_on_fpga
                0x100023b8       0x14 CMakeFiles/test.dir/C_/Program_Files/Raspberry_Pi/Pico_SDK_v1.5.1/pico-sdk/src/rp2_common/pico_platform/platform.c.obj
                0x100023b8                running_on_fpga
 .text.hw_claim_lock
                0x100023cc       0x18 CMakeFiles/test.dir/C_/Program_Files/Raspberry_Pi/Pico_SDK_v1.5.1/pico-sdk/src/rp2_common/hardware_claim/claim.c.obj
                0x100023cc                hw_claim_lock
 .text.hw_claim_unlock
                0x100023e4       0x14 CMakeFiles/test.dir/C_/Program_Files/Raspberry_Pi/Pico_SDK_v1.5.1/pico-sdk/src/rp2_common/hardware_claim/claim.c.obj
                0x100023e4                hw_claim_unlock
 .text.hw_claim_or_assert
                0x100023f8       0x32 CMakeFiles/test.dir/C_/Program_Files/Raspberry_Pi/Pico_SDK_v1.5.1/pico-sdk/src/rp2_common/hardware_claim/claim.c.obj
                0x100023f8                hw_claim_or_assert
 .text.hw_claim_unused_from_range
                0x1000242a       0x50 CMakeFiles/test.dir/C_/Program_Files/Raspberry_Pi/Pico_SDK_v1.5.1/pico-sdk/src/rp2_common/hardware_claim/claim.c.obj
                0x1000242a                hw_claim_unused_from_range
 *fill*         0x1000247a        0x2 
 .text.spin_locks_reset
                0x1000247c       0x20 CMakeFiles/test.dir/C_/Program_Files/Raspberry_Pi/Pico_SDK_v1.5.1/pico-sdk/src/rp2_common/hardware_sync/sync.c.obj
                0x1000247c                spin_locks_reset
 .text.next_striped_spin_lock_num
                0x1000249c       0x1c CMakeFiles/test.dir/C_/Program_Files/Raspberry_Pi/Pico_SDK_v1.5.1/pico-sdk/src/rp2_common/hardware_sync/sync.c.obj
                0x1000249c                next_striped_spin_lock_num
 .text.spin_lock_claim_unused
                0x100024b8       0x20 CMakeFiles/test.dir/C_/Program_Files/Raspberry_Pi/Pico_SDK_v1.5.1/pico-sdk/src/rp2_common/hardware_sync/sync.c.obj
                0x100024b8                spin_lock_claim_unused
 .text.set_raw_irq_handler_and_unlock
                0x100024d8       0x28 CMakeFiles/test.dir/C_/Program_Files/Raspberry_Pi/Pico_SDK_v1.5.1/pico-sdk/src/rp2_common/hardware_irq/irq.c.obj
 .text.make_branch
                0x10002500       0x48 CMakeFiles/test.dir/C_/Program_Files/Raspberry_Pi/Pico_SDK_v1.5.1/pico-sdk/src/rp2_common/hardware_irq/irq.c.obj
 .text.insert_branch_and_link
                0x10002548       0x40 CMakeFiles/test.dir/C_/Program_Files/Raspberry_Pi/Pico_SDK_v1.5.1/pico-sdk/src/rp2_common/hardware_irq/irq.c.obj
 .text.irq_is_enabled
                0x10002588       0x18 CMakeFiles/test.dir/C_/Program_Files/Raspberry_Pi/Pico_SDK_v1.5.1/pico-sdk/src/rp2_common/hardware_irq/irq.c.obj
                0x10002588                irq_is_enabled
 .text.irq_set_mask_enabled
                0x100025a0       0x20 CMakeFiles/test.dir/C_/Program_Files/Raspberry_Pi/Pico_SDK_v1.5.1/pico-sdk/src/rp2_common/hardware_irq/irq.c.obj
                0x100025a0                irq_set_mask_enabled
 .text.irq_set_enabled
                0x100025c0        0xe CMakeFiles/test.dir/C_/Program_Files/Raspberry_Pi/Pico_SDK_v1.5.1/pico-sdk/src/rp2_common/hardware_irq/irq.c.obj
                0x100025c0                irq_set_enabled
 *fill*         0x100025ce        0x2 
 .text.irq_set_pending
                0x100025d0       0x10 CMakeFiles/test.dir/C_/Program_Files/Raspberry_Pi/Pico_SDK_v1.5.1/pico-sdk/src/rp2_common/hardware_irq/irq.c.obj
                0x100025d0                irq_set_pending
 .text.irq_get_vtable_handler
                0x100025e0       0x10 CMakeFiles/test.dir/C_/Program_Files/Raspberry_Pi/Pico_SDK_v1.5.1/pico-sdk/src/rp2_common/hardware_irq/irq.c.obj
                0x100025e0                irq_get_vtable_handler
 .text.irq_has_shared_handler
                0x100025f0       0x24 CMakeFiles/test.dir/C_/Program_Files/Raspberry_Pi/Pico_SDK_v1.5.1/pico-sdk/src/rp2_common/hardware_irq/irq.c.obj
                0x100025f0                irq_has_shared_handler
 .text.irq_set_exclusive_handler
                0x10002614       0x54 CMakeFiles/test.dir/C_/Program_Files/Raspberry_Pi/Pico_SDK_v1.5.1/pico-sdk/src/rp2_common/hardware_irq/irq.c.obj
                0x10002614                irq_set_exclusive_handler
 .text.irq_add_shared_handler
                0x10002668      0x234 CMakeFiles/test.dir/C_/Program_Files/Raspberry_Pi/Pico_SDK_v1.5.1/pico-sdk/src/rp2_common/hardware_irq/irq.c.obj
                0x10002668                irq_add_shared_handler
 .text.irq_remove_handler
                0x1000289c      0x1ac CMakeFiles/test.dir/C_/Program_Files/Raspberry_Pi/Pico_SDK_v1.5.1/pico-sdk/src/rp2_common/hardware_irq/irq.c.obj
                0x1000289c                irq_remove_handler
 .text.irq_add_tail_to_free_list
                0x10002a48       0xf0 CMakeFiles/test.dir/C_/Program_Files/Raspberry_Pi/Pico_SDK_v1.5.1/pico-sdk/src/rp2_common/hardware_irq/irq.c.obj
                0x10002a48                irq_add_tail_to_free_list
 .text.irq_init_priorities
                0x10002b38       0x1c CMakeFiles/test.dir/C_/Program_Files/Raspberry_Pi/Pico_SDK_v1.5.1/pico-sdk/src/rp2_common/hardware_irq/irq.c.obj
                0x10002b38                irq_init_priorities
 .text.user_irq_claim_unused
                0x10002b54       0x28 CMakeFiles/test.dir/C_/Program_Files/Raspberry_Pi/Pico_SDK_v1.5.1/pico-sdk/src/rp2_common/hardware_irq/irq.c.obj
                0x10002b54                user_irq_claim_unused
 .text.lock_init
                0x10002b7c       0x10 CMakeFiles/test.dir/C_/Program_Files/Raspberry_Pi/Pico_SDK_v1.5.1/pico-sdk/src/common/pico_sync/lock_core.c.obj
                0x10002b7c                lock_init
 .text.mutex_init
                0x10002b8c       0x1a CMakeFiles/test.dir/C_/Program_Files/Raspberry_Pi/Pico_SDK_v1.5.1/pico-sdk/src/common/pico_sync/mutex.c.obj
                0x10002b8c                mutex_init
 .text.recursive_mutex_init
                0x10002ba6       0x1e CMakeFiles/test.dir/C_/Program_Files/Raspberry_Pi/Pico_SDK_v1.5.1/pico-sdk/src/common/pico_sync/mutex.c.obj
                0x10002ba6                recursive_mutex_init
 .text.critical_section_init_with_lock_num
                0x10002bc4       0x14 CMakeFiles/test.dir/C_/Program_Files/Raspberry_Pi/Pico_SDK_v1.5.1/pico-sdk/src/common/pico_sync/critical_section.c.obj
                0x10002bc4                critical_section_init_with_lock_num
 .text.critical_section_init
                0x10002bd8       0x14 CMakeFiles/test.dir/C_/Program_Files/Raspberry_Pi/Pico_SDK_v1.5.1/pico-sdk/src/common/pico_sync/critical_section.c.obj
                0x10002bd8                critical_section_init
 .text.alarm_pool_post_alloc_init
                0x10002bec       0x40 CMakeFiles/test.dir/C_/Program_Files/Raspberry_Pi/Pico_SDK_v1.5.1/pico-sdk/src/common/pico_time/time.c.obj
 .text.sleep_until_callback
                0x10002c2c       0x30 CMakeFiles/test.dir/C_/Program_Files/Raspberry_Pi/Pico_SDK_v1.5.1/pico-sdk/src/common/pico_time/time.c.obj
 .text.timer_pool_entry_comparator
                0x10002c5c       0x7c CMakeFiles/test.dir/C_/Program_Files/Raspberry_Pi/Pico_SDK_v1.5.1/pico-sdk/src/common/pico_time/time.c.obj
                0x10002c5c                timer_pool_entry_comparator
 .text.ph_add_child_node
                0x10002cd8       0xa4 CMakeFiles/test.dir/C_/Program_Files/Raspberry_Pi/Pico_SDK_v1.5.1/pico-sdk/src/common/pico_time/time.c.obj
 .text.ph_merge_nodes
                0x10002d7c       0x3e CMakeFiles/test.dir/C_/Program_Files/Raspberry_Pi/Pico_SDK_v1.5.1/pico-sdk/src/common/pico_time/time.c.obj
 *fill*         0x10002dba        0x2 
 .text.add_alarm_under_lock
                0x10002dbc      0x174 CMakeFiles/test.dir/C_/Program_Files/Raspberry_Pi/Pico_SDK_v1.5.1/pico-sdk/src/common/pico_time/time.c.obj
 .text.alarm_pool_alarm_callback
                0x10002f30      0x33c CMakeFiles/test.dir/C_/Program_Files/Raspberry_Pi/Pico_SDK_v1.5.1/pico-sdk/src/common/pico_time/time.c.obj
 .text.alarm_pool_init_default
                0x1000326c       0x40 CMakeFiles/test.dir/C_/Program_Files/Raspberry_Pi/Pico_SDK_v1.5.1/pico-sdk/src/common/pico_time/time.c.obj
                0x1000326c                alarm_pool_init_default
 .text.alarm_pool_get_default
                0x100032ac       0x2c CMakeFiles/test.dir/C_/Program_Files/Raspberry_Pi/Pico_SDK_v1.5.1/pico-sdk/src/common/pico_time/time.c.obj
                0x100032ac                alarm_pool_get_default
 .text.alarm_pool_add_alarm_at
                0x100032d8      0x168 CMakeFiles/test.dir/C_/Program_Files/Raspberry_Pi/Pico_SDK_v1.5.1/pico-sdk/src/common/pico_time/time.c.obj
                0x100032d8                alarm_pool_add_alarm_at
 .text.alarm_pool_cancel_alarm
                0x10003440       0xf8 CMakeFiles/test.dir/C_/Program_Files/Raspberry_Pi/Pico_SDK_v1.5.1/pico-sdk/src/common/pico_time/time.c.obj
                0x10003440                alarm_pool_cancel_alarm
 .text.alarm_pool_core_num
                0x10003538        0x4 CMakeFiles/test.dir/C_/Program_Files/Raspberry_Pi/Pico_SDK_v1.5.1/pico-sdk/src/common/pico_time/time.c.obj
                0x10003538                alarm_pool_core_num
 .text.best_effort_wfe_or_timeout
                0x1000353c       0xac CMakeFiles/test.dir/C_/Program_Files/Raspberry_Pi/Pico_SDK_v1.5.1/pico-sdk/src/common/pico_time/time.c.obj
                0x1000353c                best_effort_wfe_or_timeout
 .text.hardware_alarm_irq_handler
                0x100035e8       0x90 CMakeFiles/test.dir/C_/Program_Files/Raspberry_Pi/Pico_SDK_v1.5.1/pico-sdk/src/rp2_common/hardware_timer/timer.c.obj
 .text.hardware_alarm_claim
                0x10003678       0x18 CMakeFiles/test.dir/C_/Program_Files/Raspberry_Pi/Pico_SDK_v1.5.1/pico-sdk/src/rp2_common/hardware_timer/timer.c.obj
                0x10003678                hardware_alarm_claim
 .text.time_us_64
                0x10003690       0x18 CMakeFiles/test.dir/C_/Program_Files/Raspberry_Pi/Pico_SDK_v1.5.1/pico-sdk/src/rp2_common/hardware_timer/timer.c.obj
                0x10003690                time_us_64
 .text.busy_wait_until
                0x100036a8       0x28 CMakeFiles/test.dir/C_/Program_Files/Raspberry_Pi/Pico_SDK_v1.5.1/pico-sdk/src/rp2_common/hardware_timer/timer.c.obj
                0x100036a8                busy_wait_until
 .text.busy_wait_us
                0x100036d0       0x48 CMakeFiles/test.dir/C_/Program_Files/Raspberry_Pi/Pico_SDK_v1.5.1/pico-sdk/src/rp2_common/hardware_timer/timer.c.obj
                0x100036d0                busy_wait_us
 .text.hardware_alarm_set_callback
                0x10003718       0x90 CMakeFiles/test.dir/C_/Program_Files/Raspberry_Pi/Pico_SDK_v1.5.1/pico-sdk/src/rp2_common/hardware_timer/timer.c.obj
                0x10003718                hardware_alarm_set_callback
 .text.hardware_alarm_set_target
                0x100037a8       0xe8 CMakeFiles/test.dir/C_/Program_Files/Raspberry_Pi/Pico_SDK_v1.5.1/pico-sdk/src/rp2_common/hardware_timer/timer.c.obj
                0x100037a8                hardware_alarm_set_target
 .text.hardware_alarm_cancel
                0x10003890       0x40 CMakeFiles/test.dir/C_/Program_Files/Raspberry_Pi/Pico_SDK_v1.5.1/pico-sdk/src/rp2_common/hardware_timer/timer.c.obj
                0x10003890                hardware_alarm_cancel
 .text.ph_add_child_node
                0x100038d0       0xa4 CMakeFiles/test.dir/C_/Program_Files/Raspberry_Pi/Pico_SDK_v1.5.1/pico-sdk/src/common/pico_util/pheap.c.obj
 .text.ph_merge_nodes
                0x10003974       0x3e CMakeFiles/test.dir/C_/Program_Files/Raspberry_Pi/Pico_SDK_v1.5.1/pico-sdk/src/common/pico_util/pheap.c.obj
 *fill*         0x100039b2        0x2 
 .text.ph_clear
                0x100039b4       0x70 CMakeFiles/test.dir/C_/Program_Files/Raspberry_Pi/Pico_SDK_v1.5.1/pico-sdk/src/common/pico_util/pheap.c.obj
                0x100039b4                ph_clear
 .text.ph_post_alloc_init
                0x10003a24        0xe CMakeFiles/test.dir/C_/Program_Files/Raspberry_Pi/Pico_SDK_v1.5.1/pico-sdk/src/common/pico_util/pheap.c.obj
                0x10003a24                ph_post_alloc_init
 *fill*         0x10003a32        0x2 
 .text.ph_merge_two_pass
                0x10003a34       0xa8 CMakeFiles/test.dir/C_/Program_Files/Raspberry_Pi/Pico_SDK_v1.5.1/pico-sdk/src/common/pico_util/pheap.c.obj
                0x10003a34                ph_merge_two_pass
 .text.ph_remove_any_head
                0x10003adc      0x128 CMakeFiles/test.dir/C_/Program_Files/Raspberry_Pi/Pico_SDK_v1.5.1/pico-sdk/src/common/pico_util/pheap.c.obj
 .text.ph_remove_head
                0x10003c04       0x14 CMakeFiles/test.dir/C_/Program_Files/Raspberry_Pi/Pico_SDK_v1.5.1/pico-sdk/src/common/pico_util/pheap.c.obj
                0x10003c04                ph_remove_head
 .text.ph_remove_and_free_node
                0x10003c18       0xf8 CMakeFiles/test.dir/C_/Program_Files/Raspberry_Pi/Pico_SDK_v1.5.1/pico-sdk/src/common/pico_util/pheap.c.obj
                0x10003c18                ph_remove_and_free_node
 .text.clock_configure
                0x10003d10      0x108 CMakeFiles/test.dir/C_/Program_Files/Raspberry_Pi/Pico_SDK_v1.5.1/pico-sdk/src/rp2_common/hardware_clocks/clocks.c.obj
                0x10003d10                clock_configure
 .text.clocks_init
                0x10003e18      0x100 CMakeFiles/test.dir/C_/Program_Files/Raspberry_Pi/Pico_SDK_v1.5.1/pico-sdk/src/rp2_common/hardware_clocks/clocks.c.obj
                0x10003e18                clocks_init
 .text.pll_init
                0x10003f18      0x120 CMakeFiles/test.dir/C_/Program_Files/Raspberry_Pi/Pico_SDK_v1.5.1/pico-sdk/src/rp2_common/hardware_pll/pll.c.obj
                0x10003f18                pll_init
 .text.watchdog_start_tick
                0x10004038       0x10 CMakeFiles/test.dir/C_/Program_Files/Raspberry_Pi/Pico_SDK_v1.5.1/pico-sdk/src/rp2_common/hardware_watchdog/watchdog.c.obj
                0x10004038                watchdog_start_tick
 .text.watchdog_update
                0x10004048       0x14 CMakeFiles/test.dir/C_/Program_Files/Raspberry_Pi/Pico_SDK_v1.5.1/pico-sdk/src/rp2_common/hardware_watchdog/watchdog.c.obj
                0x10004048                watchdog_update
 .text._watchdog_enable
                0x1000405c       0x78 CMakeFiles/test.dir/C_/Program_Files/Raspberry_Pi/Pico_SDK_v1.5.1/pico-sdk/src/rp2_common/hardware_watchdog/watchdog.c.obj
                0x1000405c                _watchdog_enable
 .text.watchdog_reboot
                0x100040d4       0x48 CMakeFiles/test.dir/C_/Program_Files/Raspberry_Pi/Pico_SDK_v1.5.1/pico-sdk/src/rp2_common/hardware_watchdog/watchdog.c.obj
                0x100040d4                watchdog_reboot
 .text.xosc_init
                0x1000411c       0x28 CMakeFiles/test.dir/C_/Program_Files/Raspberry_Pi/Pico_SDK_v1.5.1/pico-sdk/src/rp2_common/hardware_xosc/xosc.c.obj
                0x1000411c                xosc_init
 .text._exit    0x10004144        0x4 CMakeFiles/test.dir/C_/Program_Files/Raspberry_Pi/Pico_SDK_v1.5.1/pico-sdk/src/rp2_common/pico_runtime/runtime.c.obj
                0x10004144                _exit
 .text._sbrk    0x10004148       0x38 CMakeFiles/test.dir/C_/Program_Files/Raspberry_Pi/Pico_SDK_v1.5.1/pico-sdk/src/rp2_common/pico_runtime/runtime.c.obj
                0x10004148                _sbrk
 .text.exit     0x10004180        0x6 CMakeFiles/test.dir/C_/Program_Files/Raspberry_Pi/Pico_SDK_v1.5.1/pico-sdk/src/rp2_common/pico_runtime/runtime.c.obj
                0x10004180                exit
 *fill*         0x10004186        0x2 
 .text.__assert_func
                0x10004188       0x3c CMakeFiles/test.dir/C_/Program_Files/Raspberry_Pi/Pico_SDK_v1.5.1/pico-sdk/src/rp2_common/pico_runtime/runtime.c.obj
                0x10004188                __assert_func
 .text.runtime_init
                0x100041c4       0xf8 CMakeFiles/test.dir/C_/Program_Files/Raspberry_Pi/Pico_SDK_v1.5.1/pico-sdk/src/rp2_common/pico_runtime/runtime.c.obj
                0x100041c4                runtime_init
 .text.panic    0x100042bc       0x30 CMakeFiles/test.dir/C_/Program_Files/Raspberry_Pi/Pico_SDK_v1.5.1/pico-sdk/src/rp2_common/pico_runtime/runtime.c.obj
                0x100042bc                panic
 .text._out_buffer
                0x100042ec        0x8 CMakeFiles/test.dir/C_/Program_Files/Raspberry_Pi/Pico_SDK_v1.5.1/pico-sdk/src/rp2_common/pico_printf/printf.c.obj
 .text._out_null
                0x100042f4        0x2 CMakeFiles/test.dir/C_/Program_Files/Raspberry_Pi/Pico_SDK_v1.5.1/pico-sdk/src/rp2_common/pico_printf/printf.c.obj
 .text._out_fct
                0x100042f6        0xe CMakeFiles/test.dir/C_/Program_Files/Raspberry_Pi/Pico_SDK_v1.5.1/pico-sdk/src/rp2_common/pico_printf/printf.c.obj
 .text._atoi    0x10004304       0x24 CMakeFiles/test.dir/C_/Program_Files/Raspberry_Pi/Pico_SDK_v1.5.1/pico-sdk/src/rp2_common/pico_printf/printf.c.obj
 .text._out_rev
                0x10004328       0xae CMakeFiles/test.dir/C_/Program_Files/Raspberry_Pi/Pico_SDK_v1.5.1/pico-sdk/src/rp2_common/pico_printf/printf.c.obj
 .text._ntoa_format
                0x100043d6      0x112 CMakeFiles/test.dir/C_/Program_Files/Raspberry_Pi/Pico_SDK_v1.5.1/pico-sdk/src/rp2_common/pico_printf/printf.c.obj
 .text._ntoa_long
                0x100044e8       0xbc CMakeFiles/test.dir/C_/Program_Files/Raspberry_Pi/Pico_SDK_v1.5.1/pico-sdk/src/rp2_common/pico_printf/printf.c.obj
 .text._ntoa_long_long
                0x100045a4       0xe2 CMakeFiles/test.dir/C_/Program_Files/Raspberry_Pi/Pico_SDK_v1.5.1/pico-sdk/src/rp2_common/pico_printf/printf.c.obj
 *fill*         0x10004686        0x2 
 .text._etoa    0x10004688      0x414 CMakeFiles/test.dir/C_/Program_Files/Raspberry_Pi/Pico_SDK_v1.5.1/pico-sdk/src/rp2_common/pico_printf/printf.c.obj
 .text._ftoa    0x10004a9c      0x354 CMakeFiles/test.dir/C_/Program_Files/Raspberry_Pi/Pico_SDK_v1.5.1/pico-sdk/src/rp2_common/pico_printf/printf.c.obj
 .text._vsnprintf
                0x10004df0      0x624 CMakeFiles/test.dir/C_/Program_Files/Raspberry_Pi/Pico_SDK_v1.5.1/pico-sdk/src/rp2_common/pico_printf/printf.c.obj
 .text.__wrap_sprintf
                0x10005414       0x28 CMakeFiles/test.dir/C_/Program_Files/Raspberry_Pi/Pico_SDK_v1.5.1/pico-sdk/src/rp2_common/pico_printf/printf.c.obj
                0x10005414                __wrap_sprintf
 .text.vfctprintf
                0x1000543c       0x20 CMakeFiles/test.dir/C_/Program_Files/Raspberry_Pi/Pico_SDK_v1.5.1/pico-sdk/src/rp2_common/pico_printf/printf.c.obj
                0x1000543c                vfctprintf
 .text          0x1000545c       0x10 CMakeFiles/test.dir/C_/Program_Files/Raspberry_Pi/Pico_SDK_v1.5.1/pico-sdk/src/rp2_common/pico_bit_ops/bit_ops_aeabi.S.obj
 .text.rom_func_lookup
                0x1000546c       0x10 CMakeFiles/test.dir/C_/Program_Files/Raspberry_Pi/Pico_SDK_v1.5.1/pico-sdk/src/rp2_common/pico_bootrom/bootrom.c.obj
                0x1000546c                rom_func_lookup
 .text.rom_data_lookup
                0x1000547c       0x10 CMakeFiles/test.dir/C_/Program_Files/Raspberry_Pi/Pico_SDK_v1.5.1/pico-sdk/src/rp2_common/pico_bootrom/bootrom.c.obj
                0x1000547c                rom_data_lookup
 .text.rom_funcs_lookup
                0x1000548c       0x36 CMakeFiles/test.dir/C_/Program_Files/Raspberry_Pi/Pico_SDK_v1.5.1/pico-sdk/src/rp2_common/pico_bootrom/bootrom.c.obj
                0x1000548c                rom_funcs_lookup
 *fill*         0x100054c2        0x2 
 .text.__wrap___aeabi_idiv
                0x100054c4       0x50 CMakeFiles/test.dir/C_/Program_Files/Raspberry_Pi/Pico_SDK_v1.5.1/pico-sdk/src/rp2_common/pico_divider/divider.S.obj
                0x100054c4                __wrap___aeabi_idivmod
                0x100054c4                divmod_s32s32
                0x100054c4                div_s32s32
                0x100054c4                __wrap___aeabi_idiv
                0x100054cc                divmod_s32s32_unsafe
                0x100054f8                divmod_s32s32_savestate
 .text.__wrap___aeabi_uidiv
                0x10005514       0x4c CMakeFiles/test.dir/C_/Program_Files/Raspberry_Pi/Pico_SDK_v1.5.1/pico-sdk/src/rp2_common/pico_divider/divider.S.obj
                0x10005514                __wrap___aeabi_uidiv
                0x10005514                __wrap___aeabi_uidivmod
                0x10005514                div_u32u32
                0x10005514                divmod_u32u32
                0x1000551c                divmod_u32u32_unsafe
                0x10005544                divmod_u32u32_savestate
 .text.__wrap___aeabi_ldiv
                0x10005560      0x424 CMakeFiles/test.dir/C_/Program_Files/Raspberry_Pi/Pico_SDK_v1.5.1/pico-sdk/src/rp2_common/pico_divider/divider.S.obj
                0x10005560                div_s64s64
                0x10005560                divmod_s64s64
                0x10005560                __wrap___aeabi_ldivmod
                0x10005590                divmod_u64u64
                0x10005590                div_u64u64
                0x10005590                __wrap___aeabi_uldivmod
                0x100055a0                divmod_u64u64_savestate
                0x100055c0                divmod_s64s64_unsafe
                0x10005648                divmod_u64u64_unsafe
 .text.__wrap___aeabi_darithmetic
                0x10005984       0x80 CMakeFiles/test.dir/C_/Program_Files/Raspberry_Pi/Pico_SDK_v1.5.1/pico-sdk/src/rp2_common/pico_double/double_aeabi.S.obj
                0x10005984                __wrap___aeabi_drsub
                0x1000598a                __wrap___aeabi_dsub
                0x1000599c                __wrap___aeabi_dadd
                0x100059ae                __wrap___aeabi_ddiv
                0x100059ea                __wrap___aeabi_dmul
 .text.__wrap___aeabi_cdcmple
                0x10005a04       0x6c CMakeFiles/test.dir/C_/Program_Files/Raspberry_Pi/Pico_SDK_v1.5.1/pico-sdk/src/rp2_common/pico_double/double_aeabi.S.obj
                0x10005a04                __wrap___aeabi_cdrcmple
                0x10005a14                __wrap___aeabi_cdcmpeq
                0x10005a14                __wrap___aeabi_cdcmple
 .text.__wrap___aeabi_dcmpeq
                0x10005a70       0x10 CMakeFiles/test.dir/C_/Program_Files/Raspberry_Pi/Pico_SDK_v1.5.1/pico-sdk/src/rp2_common/pico_double/double_aeabi.S.obj
                0x10005a70                __wrap___aeabi_dcmpeq
 .text.__wrap___aeabi_dcmplt
                0x10005a80        0xc CMakeFiles/test.dir/C_/Program_Files/Raspberry_Pi/Pico_SDK_v1.5.1/pico-sdk/src/rp2_common/pico_double/double_aeabi.S.obj
                0x10005a80                __wrap___aeabi_dcmplt
 .text.__wrap___aeabi_dcmple
                0x10005a8c       0x10 CMakeFiles/test.dir/C_/Program_Files/Raspberry_Pi/Pico_SDK_v1.5.1/pico-sdk/src/rp2_common/pico_double/double_aeabi.S.obj
                0x10005a8c                __wrap___aeabi_dcmple
 .text.__wrap___aeabi_dcmpge
                0x10005a9c       0x10 CMakeFiles/test.dir/C_/Program_Files/Raspberry_Pi/Pico_SDK_v1.5.1/pico-sdk/src/rp2_common/pico_double/double_aeabi.S.obj
                0x10005a9c                __wrap___aeabi_dcmpge
 .text.__wrap___aeabi_dcmpgt
                0x10005aac        0xa CMakeFiles/test.dir/C_/Program_Files/Raspberry_Pi/Pico_SDK_v1.5.1/pico-sdk/src/rp2_common/pico_double/double_aeabi.S.obj
                0x10005aac                __wrap___aeabi_dcmpgt
 .text.__wrap___aeabi_dcmpun
                0x10005ab6       0x1c CMakeFiles/test.dir/C_/Program_Files/Raspberry_Pi/Pico_SDK_v1.5.1/pico-sdk/src/rp2_common/pico_double/double_aeabi.S.obj
                0x10005ab6                __wrap___aeabi_dcmpun
 *fill*         0x10005ad2        0x2 
 .text.__wrap___aeabi_i2d
                0x10005ad4       0x38 CMakeFiles/test.dir/C_/Program_Files/Raspberry_Pi/Pico_SDK_v1.5.1/pico-sdk/src/rp2_common/pico_double/double_aeabi.S.obj
                0x10005ad4                __wrap___aeabi_ui2d
                0x10005adc                __wrap___aeabi_i2d
 .text.__wrap___aeabi_d2iz
                0x10005b0c       0x48 CMakeFiles/test.dir/C_/Program_Files/Raspberry_Pi/Pico_SDK_v1.5.1/pico-sdk/src/rp2_common/pico_double/double_aeabi.S.obj
                0x10005b0c                double2int_z
                0x10005b0c                __wrap___aeabi_d2iz
 .text.__wrap___aeabi_d2uiz
                0x10005b54       0x18 CMakeFiles/test.dir/C_/Program_Files/Raspberry_Pi/Pico_SDK_v1.5.1/pico-sdk/src/rp2_common/pico_double/double_aeabi.S.obj
                0x10005b54                __wrap___aeabi_d2uiz
                0x10005b54                double2uint
 .text.__wrap___aeabi_l2d
                0x10005b6c       0x18 CMakeFiles/test.dir/C_/Program_Files/Raspberry_Pi/Pico_SDK_v1.5.1/pico-sdk/src/rp2_common/pico_double/double_aeabi.S.obj
                0x10005b6c                __wrap___aeabi_l2d
 .text.__wrap___aeabi_d2lz
                0x10005b84       0x26 CMakeFiles/test.dir/C_/Program_Files/Raspberry_Pi/Pico_SDK_v1.5.1/pico-sdk/src/rp2_common/pico_double/double_aeabi.S.obj
                0x10005b84                double2int64_z
                0x10005b84                __wrap___aeabi_d2lz
 *fill*         0x10005baa        0x2 
 .text.double2int64
                0x10005bac       0x18 CMakeFiles/test.dir/C_/Program_Files/Raspberry_Pi/Pico_SDK_v1.5.1/pico-sdk/src/rp2_common/pico_double/double_aeabi.S.obj
                0x10005bac                double2int64
 .text.double2ufix64
                0x10005bc4       0x18 CMakeFiles/test.dir/C_/Program_Files/Raspberry_Pi/Pico_SDK_v1.5.1/pico-sdk/src/rp2_common/pico_double/double_aeabi.S.obj
                0x10005bc4                double2ufix64
 .text.__wrap___aeabi_d2f
                0x10005bdc       0x18 CMakeFiles/test.dir/C_/Program_Files/Raspberry_Pi/Pico_SDK_v1.5.1/pico-sdk/src/rp2_common/pico_double/double_aeabi.S.obj
                0x10005bdc                __wrap___aeabi_d2f
 .text.__aeabi_double_init
                0x10005bf4       0xc8 CMakeFiles/test.dir/C_/Program_Files/Raspberry_Pi/Pico_SDK_v1.5.1/pico-sdk/src/rp2_common/pico_double/double_init_rom.c.obj
                0x10005bf4                __aeabi_double_init
 .text.double_table_shim_on_use_helper
                0x10005cbc       0x34 CMakeFiles/test.dir/C_/Program_Files/Raspberry_Pi/Pico_SDK_v1.5.1/pico-sdk/src/rp2_common/pico_double/double_v1_rom_shim.S.obj
                0x10005cbc                double_table_shim_on_use_helper
 .text.__wrap___aeabi_dsub
                0x10005cf0       0x10 CMakeFiles/test.dir/C_/Program_Files/Raspberry_Pi/Pico_SDK_v1.5.1/pico-sdk/src/rp2_common/pico_double/double_v1_rom_shim.S.obj
                0x10005cf0                drsub_shim
                0x10005cf6                dsub_shim
 .text.dadd_shim
                0x10005d00      0x15c CMakeFiles/test.dir/C_/Program_Files/Raspberry_Pi/Pico_SDK_v1.5.1/pico-sdk/src/rp2_common/pico_double/double_v1_rom_shim.S.obj
                0x10005d00                dadd_shim
 .text.dmul_shim
                0x10005e5c      0x15c CMakeFiles/test.dir/C_/Program_Files/Raspberry_Pi/Pico_SDK_v1.5.1/pico-sdk/src/rp2_common/pico_double/double_v1_rom_shim.S.obj
                0x10005e5c                dmul_shim
 .text.ddiv_shim
                0x10005fb8      0x1b0 CMakeFiles/test.dir/C_/Program_Files/Raspberry_Pi/Pico_SDK_v1.5.1/pico-sdk/src/rp2_common/pico_double/double_v1_rom_shim.S.obj
                0x10005fb8                ddiv_shim
 .text.double2uint_shim
                0x10006168        0xe CMakeFiles/test.dir/C_/Program_Files/Raspberry_Pi/Pico_SDK_v1.5.1/pico-sdk/src/rp2_common/pico_double/double_v1_rom_shim.S.obj
                0x10006168                double2uint_shim
                0x1000616a                double2ufix_shim
 .text.double2int64_shim
                0x10006176       0x1a CMakeFiles/test.dir/C_/Program_Files/Raspberry_Pi/Pico_SDK_v1.5.1/pico-sdk/src/rp2_common/pico_double/double_v1_rom_shim.S.obj
                0x10006176                double2int64_shim
                0x10006178                double2fix64_shim
 .text.double2uint64_shim
                0x10006190       0x70 CMakeFiles/test.dir/C_/Program_Files/Raspberry_Pi/Pico_SDK_v1.5.1/pico-sdk/src/rp2_common/pico_double/double_v1_rom_shim.S.obj
                0x10006190                double2uint64_shim
                0x10006192                double2ufix64_shim
                0x100061b2                d2fix_a
 .text.double2float_shim
                0x10006200       0x5c CMakeFiles/test.dir/C_/Program_Files/Raspberry_Pi/Pico_SDK_v1.5.1/pico-sdk/src/rp2_common/pico_double/double_v1_rom_shim.S.obj
                0x10006200                double2float_shim
 .text.x2double_shims
                0x1000625c       0x90 CMakeFiles/test.dir/C_/Program_Files/Raspberry_Pi/Pico_SDK_v1.5.1/pico-sdk/src/rp2_common/pico_double/double_v1_rom_shim.S.obj
                0x1000625c                uint2double_shim
                0x1000625e                ufix2double_shim
                0x10006264                int2double_shim
                0x10006266                fix2double_shim
                0x1000626c                uint642double_shim
                0x1000626e                ufix642double_shim
                0x10006274                int642double_shim
                0x10006276                fix642double_shim
 .text.dunpacks
                0x100062ec       0x3c CMakeFiles/test.dir/C_/Program_Files/Raspberry_Pi/Pico_SDK_v1.5.1/pico-sdk/src/rp2_common/pico_double/double_v1_rom_shim.S.obj
                0x100062ec                dunpacks
 .text.__aeabi_lmul
                0x10006328       0x32 CMakeFiles/test.dir/C_/Program_Files/Raspberry_Pi/Pico_SDK_v1.5.1/pico-sdk/src/rp2_common/pico_int64_ops/pico_int64_ops_aeabi.S.obj
                0x10006328                __wrap___aeabi_lmul
 *fill*         0x1000635a        0x2 
 .text.__aeabi_float_init
                0x1000635c       0xfc CMakeFiles/test.dir/C_/Program_Files/Raspberry_Pi/Pico_SDK_v1.5.1/pico-sdk/src/rp2_common/pico_float/float_init_rom.c.obj
                0x1000635c                __aeabi_float_init
 .text.float_table_shim_on_use_helper
                0x10006458       0x34 CMakeFiles/test.dir/C_/Program_Files/Raspberry_Pi/Pico_SDK_v1.5.1/pico-sdk/src/rp2_common/pico_float/float_v1_rom_shim.S.obj
                0x10006458                float_table_shim_on_use_helper
 .text.__wrap_malloc
                0x1000648c       0x3c CMakeFiles/test.dir/C_/Program_Files/Raspberry_Pi/Pico_SDK_v1.5.1/pico-sdk/src/rp2_common/pico_malloc/pico_malloc.c.obj
                0x1000648c                __wrap_malloc
 .text.__wrap_realloc
                0x100064c8       0x40 CMakeFiles/test.dir/C_/Program_Files/Raspberry_Pi/Pico_SDK_v1.5.1/pico-sdk/src/rp2_common/pico_malloc/pico_malloc.c.obj
                0x100064c8                __wrap_realloc
 .text.__wrap_free
                0x10006508       0x20 CMakeFiles/test.dir/C_/Program_Files/Raspberry_Pi/Pico_SDK_v1.5.1/pico-sdk/src/rp2_common/pico_malloc/pico_malloc.c.obj
                0x10006508                __wrap_free
 .text          0x10006528       0x10 CMakeFiles/test.dir/C_/Program_Files/Raspberry_Pi/Pico_SDK_v1.5.1/pico-sdk/src/rp2_common/pico_mem_ops/mem_ops_aeabi.S.obj
                0x10006528                __aeabi_mem_init
 .text.memset   0x10006538        0xc CMakeFiles/test.dir/C_/Program_Files/Raspberry_Pi/Pico_SDK_v1.5.1/pico-sdk/src/rp2_common/pico_mem_ops/mem_ops_aeabi.S.obj
                0x10006538                __wrap_memset
 .text.memcpy   0x10006544        0xc CMakeFiles/test.dir/C_/Program_Files/Raspberry_Pi/Pico_SDK_v1.5.1/pico-sdk/src/rp2_common/pico_mem_ops/mem_ops_aeabi.S.obj
                0x10006544                __wrap_memcpy
                0x10006544                __wrap___aeabi_memcpy
 .text.stdio_out_chars_no_crlf
                0x10006550        0xe CMakeFiles/test.dir/C_/Program_Files/Raspberry_Pi/Pico_SDK_v1.5.1/pico-sdk/src/rp2_common/pico_stdio/stdio.c.obj
 *fill*         0x1000655e        0x2 
 .text.stdio_out_chars_crlf
                0x10006560       0x80 CMakeFiles/test.dir/C_/Program_Files/Raspberry_Pi/Pico_SDK_v1.5.1/pico-sdk/src/rp2_common/pico_stdio/stdio.c.obj
 .text.stdio_stack_buffer_flush
                0x100065e0       0x44 CMakeFiles/test.dir/C_/Program_Files/Raspberry_Pi/Pico_SDK_v1.5.1/pico-sdk/src/rp2_common/pico_stdio/stdio.c.obj
 .text.stdio_buffered_printer
                0x10006624       0x20 CMakeFiles/test.dir/C_/Program_Files/Raspberry_Pi/Pico_SDK_v1.5.1/pico-sdk/src/rp2_common/pico_stdio/stdio.c.obj
 .text.stdio_get_until
                0x10006644       0x80 CMakeFiles/test.dir/C_/Program_Files/Raspberry_Pi/Pico_SDK_v1.5.1/pico-sdk/src/rp2_common/pico_stdio/stdio.c.obj
 .text.stdout_serialize_begin
                0x100066c4       0x5c CMakeFiles/test.dir/C_/Program_Files/Raspberry_Pi/Pico_SDK_v1.5.1/pico-sdk/src/rp2_common/pico_stdio/stdio.c.obj
                0x100066c4                stdout_serialize_begin
 .text.stdout_serialize_end
                0x10006720       0x10 CMakeFiles/test.dir/C_/Program_Files/Raspberry_Pi/Pico_SDK_v1.5.1/pico-sdk/src/rp2_common/pico_stdio/stdio.c.obj
                0x10006720                stdout_serialize_end
 .text.stdio_put_string
                0x10006730       0x98 CMakeFiles/test.dir/C_/Program_Files/Raspberry_Pi/Pico_SDK_v1.5.1/pico-sdk/src/rp2_common/pico_stdio/stdio.c.obj
 .text.__wrap_putchar
                0x100067c8       0x1c CMakeFiles/test.dir/C_/Program_Files/Raspberry_Pi/Pico_SDK_v1.5.1/pico-sdk/src/rp2_common/pico_stdio/stdio.c.obj
                0x100067c8                __wrap_putchar
 .text._read    0x100067e4       0x24 CMakeFiles/test.dir/C_/Program_Files/Raspberry_Pi/Pico_SDK_v1.5.1/pico-sdk/src/rp2_common/pico_stdio/stdio.c.obj
                0x100067e4                _read
 .text._write   0x10006808       0x22 CMakeFiles/test.dir/C_/Program_Files/Raspberry_Pi/Pico_SDK_v1.5.1/pico-sdk/src/rp2_common/pico_stdio/stdio.c.obj
                0x10006808                _write
 .text._close   0x1000682a        0x6 CMakeFiles/test.dir/C_/Program_Files/Raspberry_Pi/Pico_SDK_v1.5.1/pico-sdk/src/rp2_common/pico_stdio/stdio.c.obj
                0x1000682a                _close
 .text._lseek   0x10006830        0x6 CMakeFiles/test.dir/C_/Program_Files/Raspberry_Pi/Pico_SDK_v1.5.1/pico-sdk/src/rp2_common/pico_stdio/stdio.c.obj
                0x10006830                _lseek
 .text._fstat   0x10006836        0x6 CMakeFiles/test.dir/C_/Program_Files/Raspberry_Pi/Pico_SDK_v1.5.1/pico-sdk/src/rp2_common/pico_stdio/stdio.c.obj
                0x10006836                _fstat
 .text._isatty  0x1000683c        0xc CMakeFiles/test.dir/C_/Program_Files/Raspberry_Pi/Pico_SDK_v1.5.1/pico-sdk/src/rp2_common/pico_stdio/stdio.c.obj
                0x1000683c                _isatty
 .text.stdio_set_driver_enabled
                0x10006848       0x2c CMakeFiles/test.dir/C_/Program_Files/Raspberry_Pi/Pico_SDK_v1.5.1/pico-sdk/src/rp2_common/pico_stdio/stdio.c.obj
                0x10006848                stdio_set_driver_enabled
 .text.stdio_flush
                0x10006874       0x20 CMakeFiles/test.dir/C_/Program_Files/Raspberry_Pi/Pico_SDK_v1.5.1/pico-sdk/src/rp2_common/pico_stdio/stdio.c.obj
                0x10006874                stdio_flush
 .text.__wrap_puts
                0x10006894       0x1e CMakeFiles/test.dir/C_/Program_Files/Raspberry_Pi/Pico_SDK_v1.5.1/pico-sdk/src/rp2_common/pico_stdio/stdio.c.obj
                0x10006894                __wrap_puts
 *fill*         0x100068b2        0x2 
 .text.__wrap_vprintf
                0x100068b4       0x40 CMakeFiles/test.dir/C_/Program_Files/Raspberry_Pi/Pico_SDK_v1.5.1/pico-sdk/src/rp2_common/pico_stdio/stdio.c.obj
                0x100068b4                __wrap_vprintf
 .text.__wrap_printf
                0x100068f4       0x18 CMakeFiles/test.dir/C_/Program_Files/Raspberry_Pi/Pico_SDK_v1.5.1/pico-sdk/src/rp2_common/pico_stdio/stdio.c.obj
                0x100068f4                __wrap_printf
 .text.stdio_init_all
                0x1000690c        0x8 CMakeFiles/test.dir/C_/Program_Files/Raspberry_Pi/Pico_SDK_v1.5.1/pico-sdk/src/rp2_common/pico_stdio/stdio.c.obj
                0x1000690c                stdio_init_all
 .text.__wrap_getchar
                0x10006914       0x40 CMakeFiles/test.dir/C_/Program_Files/Raspberry_Pi/Pico_SDK_v1.5.1/pico-sdk/src/rp2_common/pico_stdio/stdio.c.obj
                0x10006914                __wrap_getchar
 .text.getchar_timeout_us
                0x10006954       0x80 CMakeFiles/test.dir/C_/Program_Files/Raspberry_Pi/Pico_SDK_v1.5.1/pico-sdk/src/rp2_common/pico_stdio/stdio.c.obj
                0x10006954                getchar_timeout_us
 .text.resetd_init
                0x100069d4        0x2 CMakeFiles/test.dir/C_/Program_Files/Raspberry_Pi/Pico_SDK_v1.5.1/pico-sdk/src/rp2_common/pico_stdio_usb/reset_interface.c.obj
 *fill*         0x100069d6        0x2 
 .text.resetd_reset
                0x100069d8        0xc CMakeFiles/test.dir/C_/Program_Files/Raspberry_Pi/Pico_SDK_v1.5.1/pico-sdk/src/rp2_common/pico_stdio_usb/reset_interface.c.obj
 .text.resetd_open
                0x100069e4       0x34 CMakeFiles/test.dir/C_/Program_Files/Raspberry_Pi/Pico_SDK_v1.5.1/pico-sdk/src/rp2_common/pico_stdio_usb/reset_interface.c.obj
 .text.resetd_xfer_cb
                0x10006a18        0x4 CMakeFiles/test.dir/C_/Program_Files/Raspberry_Pi/Pico_SDK_v1.5.1/pico-sdk/src/rp2_common/pico_stdio_usb/reset_interface.c.obj
 .text.reset_usb_boot
                0x10006a1c       0x18 CMakeFiles/test.dir/C_/Program_Files/Raspberry_Pi/Pico_SDK_v1.5.1/pico-sdk/src/rp2_common/pico_stdio_usb/reset_interface.c.obj
 .text.resetd_control_xfer_cb
                0x10006a34       0x5c CMakeFiles/test.dir/C_/Program_Files/Raspberry_Pi/Pico_SDK_v1.5.1/pico-sdk/src/rp2_common/pico_stdio_usb/reset_interface.c.obj
 .text.usbd_app_driver_get_cb
                0x10006a90        0xc CMakeFiles/test.dir/C_/Program_Files/Raspberry_Pi/Pico_SDK_v1.5.1/pico-sdk/src/rp2_common/pico_stdio_usb/reset_interface.c.obj
                0x10006a90                usbd_app_driver_get_cb
 .text.tud_cdc_line_coding_cb
                0x10006a9c       0x28 CMakeFiles/test.dir/C_/Program_Files/Raspberry_Pi/Pico_SDK_v1.5.1/pico-sdk/src/rp2_common/pico_stdio_usb/reset_interface.c.obj
                0x10006a9c                tud_cdc_line_coding_cb
 .text.stdio_usb_set_chars_available_callback
                0x10006ac4       0x14 CMakeFiles/test.dir/C_/Program_Files/Raspberry_Pi/Pico_SDK_v1.5.1/pico-sdk/src/rp2_common/pico_stdio_usb/stdio_usb.c.obj
                0x10006ac4                stdio_usb_set_chars_available_callback
 .text.usb_irq  0x10006ad8       0x10 CMakeFiles/test.dir/C_/Program_Files/Raspberry_Pi/Pico_SDK_v1.5.1/pico-sdk/src/rp2_common/pico_stdio_usb/stdio_usb.c.obj
 .text.timer_task
                0x10006ae8       0x5c CMakeFiles/test.dir/C_/Program_Files/Raspberry_Pi/Pico_SDK_v1.5.1/pico-sdk/src/rp2_common/pico_stdio_usb/stdio_usb.c.obj
 .text.low_priority_worker_irq
                0x10006b44       0xdc CMakeFiles/test.dir/C_/Program_Files/Raspberry_Pi/Pico_SDK_v1.5.1/pico-sdk/src/rp2_common/pico_stdio_usb/stdio_usb.c.obj
 .text.tud_cdc_rx_cb
                0x10006c20       0x20 CMakeFiles/test.dir/C_/Program_Files/Raspberry_Pi/Pico_SDK_v1.5.1/pico-sdk/src/rp2_common/pico_stdio_usb/stdio_usb.c.obj
                0x10006c20                tud_cdc_rx_cb
 .text.stdio_usb_init
                0x10006c40      0x11c CMakeFiles/test.dir/C_/Program_Files/Raspberry_Pi/Pico_SDK_v1.5.1/pico-sdk/src/rp2_common/pico_stdio_usb/stdio_usb.c.obj
                0x10006c40                stdio_usb_init
 .text.stdio_usb_connected
                0x10006d5c        0xa CMakeFiles/test.dir/C_/Program_Files/Raspberry_Pi/Pico_SDK_v1.5.1/pico-sdk/src/rp2_common/pico_stdio_usb/stdio_usb.c.obj
                0x10006d5c                stdio_usb_connected
 *fill*         0x10006d66        0x2 
 .text.stdio_usb_in_chars
                0x10006d68       0xc4 CMakeFiles/test.dir/C_/Program_Files/Raspberry_Pi/Pico_SDK_v1.5.1/pico-sdk/src/rp2_common/pico_stdio_usb/stdio_usb.c.obj
                0x10006d68                stdio_usb_in_chars
 .text.stdio_usb_out_chars
                0x10006e2c      0x114 CMakeFiles/test.dir/C_/Program_Files/Raspberry_Pi/Pico_SDK_v1.5.1/pico-sdk/src/rp2_common/pico_stdio_usb/stdio_usb.c.obj
 .text.tud_descriptor_device_cb
                0x10006f40        0x8 CMakeFiles/test.dir/C_/Program_Files/Raspberry_Pi/Pico_SDK_v1.5.1/pico-sdk/src/rp2_common/pico_stdio_usb/stdio_usb_descriptors.c.obj
                0x10006f40                tud_descriptor_device_cb
 .text.tud_descriptor_configuration_cb
                0x10006f48        0x8 CMakeFiles/test.dir/C_/Program_Files/Raspberry_Pi/Pico_SDK_v1.5.1/pico-sdk/src/rp2_common/pico_stdio_usb/stdio_usb_descriptors.c.obj
                0x10006f48                tud_descriptor_configuration_cb
 .text.tud_descriptor_string_cb
                0x10006f50       0x6c CMakeFiles/test.dir/C_/Program_Files/Raspberry_Pi/Pico_SDK_v1.5.1/pico-sdk/src/rp2_common/pico_stdio_usb/stdio_usb_descriptors.c.obj
                0x10006f50                tud_descriptor_string_cb
 .text._retrieve_unique_id_on_boot
                0x10006fbc       0x10 CMakeFiles/test.dir/C_/Program_Files/Raspberry_Pi/Pico_SDK_v1.5.1/pico-sdk/src/rp2_common/pico_unique_id/unique_id.c.obj
 .text.pico_get_unique_board_id_string
                0x10006fcc       0x60 CMakeFiles/test.dir/C_/Program_Files/Raspberry_Pi/Pico_SDK_v1.5.1/pico-sdk/src/rp2_common/pico_unique_id/unique_id.c.obj
                0x10006fcc                pico_get_unique_board_id_string
 .text.flash_get_unique_id
                0x1000702c       0x46 CMakeFiles/test.dir/C_/Program_Files/Raspberry_Pi/Pico_SDK_v1.5.1/pico-sdk/src/rp2_common/hardware_flash/flash.c.obj
                0x1000702c                flash_get_unique_id
 *fill*         0x10007072        0x2 
 .text.hw_endpoint_get_by_addr
                0x10007074       0x18 CMakeFiles/test.dir/C_/Program_Files/Raspberry_Pi/Pico_SDK_v1.5.1/pico-sdk/lib/tinyusb/src/portable/raspberrypi/rp2040/dcd_rp2040.c.obj
 .text._hw_endpoint_alloc
                0x1000708c       0x70 CMakeFiles/test.dir/C_/Program_Files/Raspberry_Pi/Pico_SDK_v1.5.1/pico-sdk/lib/tinyusb/src/portable/raspberrypi/rp2040/dcd_rp2040.c.obj
 .text.hw_endpoint_init
                0x100070fc       0x88 CMakeFiles/test.dir/C_/Program_Files/Raspberry_Pi/Pico_SDK_v1.5.1/pico-sdk/lib/tinyusb/src/portable/raspberrypi/rp2040/dcd_rp2040.c.obj
 .text.hw_endpoint_xfer
                0x10007184       0x14 CMakeFiles/test.dir/C_/Program_Files/Raspberry_Pi/Pico_SDK_v1.5.1/pico-sdk/lib/tinyusb/src/portable/raspberrypi/rp2040/dcd_rp2040.c.obj
 .text.dcd_int_enable
                0x10007198       0x2c CMakeFiles/test.dir/C_/Program_Files/Raspberry_Pi/Pico_SDK_v1.5.1/pico-sdk/lib/tinyusb/src/portable/raspberrypi/rp2040/dcd_rp2040.c.obj
                0x10007198                dcd_int_enable
 .text.dcd_set_address
                0x100071c4       0x2c CMakeFiles/test.dir/C_/Program_Files/Raspberry_Pi/Pico_SDK_v1.5.1/pico-sdk/lib/tinyusb/src/portable/raspberrypi/rp2040/dcd_rp2040.c.obj
                0x100071c4                dcd_set_address
 .text.dcd_connect
                0x100071f0       0x10 CMakeFiles/test.dir/C_/Program_Files/Raspberry_Pi/Pico_SDK_v1.5.1/pico-sdk/lib/tinyusb/src/portable/raspberrypi/rp2040/dcd_rp2040.c.obj
                0x100071f0                dcd_connect
 .text.dcd_init
                0x10007200       0x80 CMakeFiles/test.dir/C_/Program_Files/Raspberry_Pi/Pico_SDK_v1.5.1/pico-sdk/lib/tinyusb/src/portable/raspberrypi/rp2040/dcd_rp2040.c.obj
                0x10007200                dcd_init
 .text.dcd_edpt0_status_complete
                0x10007280       0x1c CMakeFiles/test.dir/C_/Program_Files/Raspberry_Pi/Pico_SDK_v1.5.1/pico-sdk/lib/tinyusb/src/portable/raspberrypi/rp2040/dcd_rp2040.c.obj
                0x10007280                dcd_edpt0_status_complete
 .text.dcd_edpt_open
                0x1000729c       0x40 CMakeFiles/test.dir/C_/Program_Files/Raspberry_Pi/Pico_SDK_v1.5.1/pico-sdk/lib/tinyusb/src/portable/raspberrypi/rp2040/dcd_rp2040.c.obj
                0x1000729c                dcd_edpt_open
 .text.dcd_edpt_close_all
                0x100072dc        0x8 CMakeFiles/test.dir/C_/Program_Files/Raspberry_Pi/Pico_SDK_v1.5.1/pico-sdk/lib/tinyusb/src/portable/raspberrypi/rp2040/dcd_rp2040.c.obj
                0x100072dc                dcd_edpt_close_all
 .text.dcd_edpt_xfer
                0x100072e4       0x34 CMakeFiles/test.dir/C_/Program_Files/Raspberry_Pi/Pico_SDK_v1.5.1/pico-sdk/lib/tinyusb/src/portable/raspberrypi/rp2040/dcd_rp2040.c.obj
                0x100072e4                dcd_edpt_xfer
 .text.dcd_edpt_stall
                0x10007318       0x2c CMakeFiles/test.dir/C_/Program_Files/Raspberry_Pi/Pico_SDK_v1.5.1/pico-sdk/lib/tinyusb/src/portable/raspberrypi/rp2040/dcd_rp2040.c.obj
                0x10007318                dcd_edpt_stall
 .text.dcd_edpt_clear_stall
                0x10007344       0x20 CMakeFiles/test.dir/C_/Program_Files/Raspberry_Pi/Pico_SDK_v1.5.1/pico-sdk/lib/tinyusb/src/portable/raspberrypi/rp2040/dcd_rp2040.c.obj
                0x10007344                dcd_edpt_clear_stall
 .text.rp2040_usb_init
                0x10007364       0x4c CMakeFiles/test.dir/C_/Program_Files/Raspberry_Pi/Pico_SDK_v1.5.1/pico-sdk/lib/tinyusb/src/portable/raspberrypi/rp2040/rp2040_usb.c.obj
                0x10007364                rp2040_usb_init
 .text.hw_endpoint_xfer_start
                0x100073b0       0x50 CMakeFiles/test.dir/C_/Program_Files/Raspberry_Pi/Pico_SDK_v1.5.1/pico-sdk/lib/tinyusb/src/portable/raspberrypi/rp2040/rp2040_usb.c.obj
                0x100073b0                hw_endpoint_xfer_start
 .text.configuration_reset
                0x10007400       0x84 CMakeFiles/test.dir/C_/Program_Files/Raspberry_Pi/Pico_SDK_v1.5.1/pico-sdk/lib/tinyusb/src/device/usbd.c.obj
 .text.usbd_reset
                0x10007484        0xc CMakeFiles/test.dir/C_/Program_Files/Raspberry_Pi/Pico_SDK_v1.5.1/pico-sdk/lib/tinyusb/src/device/usbd.c.obj
 .text.invoke_class_control
                0x10007490       0x1a CMakeFiles/test.dir/C_/Program_Files/Raspberry_Pi/Pico_SDK_v1.5.1/pico-sdk/lib/tinyusb/src/device/usbd.c.obj
 *fill*         0x100074aa        0x2 
 .text.process_set_config
                0x100074ac      0x178 CMakeFiles/test.dir/C_/Program_Files/Raspberry_Pi/Pico_SDK_v1.5.1/pico-sdk/lib/tinyusb/src/device/usbd.c.obj
 .text.process_get_descriptor
                0x10007624       0xdc CMakeFiles/test.dir/C_/Program_Files/Raspberry_Pi/Pico_SDK_v1.5.1/pico-sdk/lib/tinyusb/src/device/usbd.c.obj
 .text.tud_mounted
                0x10007700       0x10 CMakeFiles/test.dir/C_/Program_Files/Raspberry_Pi/Pico_SDK_v1.5.1/pico-sdk/lib/tinyusb/src/device/usbd.c.obj
                0x10007700                tud_mounted
 .text.tud_suspended
                0x10007710       0x10 CMakeFiles/test.dir/C_/Program_Files/Raspberry_Pi/Pico_SDK_v1.5.1/pico-sdk/lib/tinyusb/src/device/usbd.c.obj
                0x10007710                tud_suspended
 .text.tud_inited
                0x10007720       0x14 CMakeFiles/test.dir/C_/Program_Files/Raspberry_Pi/Pico_SDK_v1.5.1/pico-sdk/lib/tinyusb/src/device/usbd.c.obj
                0x10007720                tud_inited
 .text.tud_init
                0x10007734       0xcc CMakeFiles/test.dir/C_/Program_Files/Raspberry_Pi/Pico_SDK_v1.5.1/pico-sdk/lib/tinyusb/src/device/usbd.c.obj
                0x10007734                tud_init
 .text.usbd_defer_func
                0x10007800       0x2a CMakeFiles/test.dir/C_/Program_Files/Raspberry_Pi/Pico_SDK_v1.5.1/pico-sdk/lib/tinyusb/src/device/usbd.c.obj
                0x10007800                usbd_defer_func
 *fill*         0x1000782a        0x2 
 .text.usbd_edpt_open
                0x1000782c       0x34 CMakeFiles/test.dir/C_/Program_Files/Raspberry_Pi/Pico_SDK_v1.5.1/pico-sdk/lib/tinyusb/src/device/usbd.c.obj
                0x1000782c                usbd_edpt_open
 .text.usbd_open_edpt_pair
                0x10007860       0x62 CMakeFiles/test.dir/C_/Program_Files/Raspberry_Pi/Pico_SDK_v1.5.1/pico-sdk/lib/tinyusb/src/device/usbd.c.obj
                0x10007860                usbd_open_edpt_pair
 *fill*         0x100078c2        0x2 
 .text.usbd_edpt_claim
                0x100078c4       0x28 CMakeFiles/test.dir/C_/Program_Files/Raspberry_Pi/Pico_SDK_v1.5.1/pico-sdk/lib/tinyusb/src/device/usbd.c.obj
                0x100078c4                usbd_edpt_claim
 .text.usbd_edpt_release
                0x100078ec       0x28 CMakeFiles/test.dir/C_/Program_Files/Raspberry_Pi/Pico_SDK_v1.5.1/pico-sdk/lib/tinyusb/src/device/usbd.c.obj
                0x100078ec                usbd_edpt_release
 .text.usbd_edpt_xfer
                0x10007914       0x78 CMakeFiles/test.dir/C_/Program_Files/Raspberry_Pi/Pico_SDK_v1.5.1/pico-sdk/lib/tinyusb/src/device/usbd.c.obj
                0x10007914                usbd_edpt_xfer
 .text.usbd_edpt_stall
                0x1000798c       0x48 CMakeFiles/test.dir/C_/Program_Files/Raspberry_Pi/Pico_SDK_v1.5.1/pico-sdk/lib/tinyusb/src/device/usbd.c.obj
                0x1000798c                usbd_edpt_stall
 .text.usbd_edpt_clear_stall
                0x100079d4       0x48 CMakeFiles/test.dir/C_/Program_Files/Raspberry_Pi/Pico_SDK_v1.5.1/pico-sdk/lib/tinyusb/src/device/usbd.c.obj
                0x100079d4                usbd_edpt_clear_stall
 .text.usbd_edpt_stalled
                0x10007a1c       0x1c CMakeFiles/test.dir/C_/Program_Files/Raspberry_Pi/Pico_SDK_v1.5.1/pico-sdk/lib/tinyusb/src/device/usbd.c.obj
                0x10007a1c                usbd_edpt_stalled
 .text.process_control_request
                0x10007a38      0x37c CMakeFiles/test.dir/C_/Program_Files/Raspberry_Pi/Pico_SDK_v1.5.1/pico-sdk/lib/tinyusb/src/device/usbd.c.obj
 .text.tud_task_ext
                0x10007db4      0x1b8 CMakeFiles/test.dir/C_/Program_Files/Raspberry_Pi/Pico_SDK_v1.5.1/pico-sdk/lib/tinyusb/src/device/usbd.c.obj
                0x10007db4                tud_task_ext
 .text._data_stage_xact
                0x10007f6c       0x58 CMakeFiles/test.dir/C_/Program_Files/Raspberry_Pi/Pico_SDK_v1.5.1/pico-sdk/lib/tinyusb/src/device/usbd_control.c.obj
 .text.tud_control_status
                0x10007fc4       0x38 CMakeFiles/test.dir/C_/Program_Files/Raspberry_Pi/Pico_SDK_v1.5.1/pico-sdk/lib/tinyusb/src/device/usbd_control.c.obj
                0x10007fc4                tud_control_status
 .text.tud_control_xfer
                0x10007ffc       0x74 CMakeFiles/test.dir/C_/Program_Files/Raspberry_Pi/Pico_SDK_v1.5.1/pico-sdk/lib/tinyusb/src/device/usbd_control.c.obj
                0x10007ffc                tud_control_xfer
 .text.usbd_control_reset
                0x10008070       0x14 CMakeFiles/test.dir/C_/Program_Files/Raspberry_Pi/Pico_SDK_v1.5.1/pico-sdk/lib/tinyusb/src/device/usbd_control.c.obj
                0x10008070                usbd_control_reset
 .text.usbd_control_set_complete_callback
                0x10008084        0xc CMakeFiles/test.dir/C_/Program_Files/Raspberry_Pi/Pico_SDK_v1.5.1/pico-sdk/lib/tinyusb/src/device/usbd_control.c.obj
                0x10008084                usbd_control_set_complete_callback
 .text.usbd_control_set_request
                0x10008090       0x1c CMakeFiles/test.dir/C_/Program_Files/Raspberry_Pi/Pico_SDK_v1.5.1/pico-sdk/lib/tinyusb/src/device/usbd_control.c.obj
                0x10008090                usbd_control_set_request
 .text.usbd_control_xfer_cb
                0x100080ac       0xcc CMakeFiles/test.dir/C_/Program_Files/Raspberry_Pi/Pico_SDK_v1.5.1/pico-sdk/lib/tinyusb/src/device/usbd_control.c.obj
                0x100080ac                usbd_control_xfer_cb
 .text._prep_out_transaction
                0x10008178       0x4a CMakeFiles/test.dir/C_/Program_Files/Raspberry_Pi/Pico_SDK_v1.5.1/pico-sdk/lib/tinyusb/src/class/cdc/cdc_device.c.obj
 *fill*         0x100081c2        0x2 
 .text.tud_cdc_n_connected
                0x100081c4       0x44 CMakeFiles/test.dir/C_/Program_Files/Raspberry_Pi/Pico_SDK_v1.5.1/pico-sdk/lib/tinyusb/src/class/cdc/cdc_device.c.obj
                0x100081c4                tud_cdc_n_connected
 .text.tud_cdc_n_available
                0x10008208       0x18 CMakeFiles/test.dir/C_/Program_Files/Raspberry_Pi/Pico_SDK_v1.5.1/pico-sdk/lib/tinyusb/src/class/cdc/cdc_device.c.obj
                0x10008208                tud_cdc_n_available
 .text.tud_cdc_n_read
                0x10008220       0x28 CMakeFiles/test.dir/C_/Program_Files/Raspberry_Pi/Pico_SDK_v1.5.1/pico-sdk/lib/tinyusb/src/class/cdc/cdc_device.c.obj
                0x10008220                tud_cdc_n_read
 .text.tud_cdc_n_write_flush
                0x10008248       0xb8 CMakeFiles/test.dir/C_/Program_Files/Raspberry_Pi/Pico_SDK_v1.5.1/pico-sdk/lib/tinyusb/src/class/cdc/cdc_device.c.obj
                0x10008248                tud_cdc_n_write_flush
 .text.tud_cdc_n_write
                0x10008300       0x38 CMakeFiles/test.dir/C_/Program_Files/Raspberry_Pi/Pico_SDK_v1.5.1/pico-sdk/lib/tinyusb/src/class/cdc/cdc_device.c.obj
                0x10008300                tud_cdc_n_write
 .text.tud_cdc_n_write_available
                0x10008338       0x1c CMakeFiles/test.dir/C_/Program_Files/Raspberry_Pi/Pico_SDK_v1.5.1/pico-sdk/lib/tinyusb/src/class/cdc/cdc_device.c.obj
                0x10008338                tud_cdc_n_write_available
 .text.cdcd_init
                0x10008354       0xbc CMakeFiles/test.dir/C_/Program_Files/Raspberry_Pi/Pico_SDK_v1.5.1/pico-sdk/lib/tinyusb/src/class/cdc/cdc_device.c.obj
                0x10008354                cdcd_init
 .text.cdcd_reset
                0x10008410       0x44 CMakeFiles/test.dir/C_/Program_Files/Raspberry_Pi/Pico_SDK_v1.5.1/pico-sdk/lib/tinyusb/src/class/cdc/cdc_device.c.obj
                0x10008410                cdcd_reset
 .text.cdcd_open
                0x10008454       0xcc CMakeFiles/test.dir/C_/Program_Files/Raspberry_Pi/Pico_SDK_v1.5.1/pico-sdk/lib/tinyusb/src/class/cdc/cdc_device.c.obj
                0x10008454                cdcd_open
 .text.cdcd_control_xfer_cb
                0x10008520      0x134 CMakeFiles/test.dir/C_/Program_Files/Raspberry_Pi/Pico_SDK_v1.5.1/pico-sdk/lib/tinyusb/src/class/cdc/cdc_device.c.obj
                0x10008520                cdcd_control_xfer_cb
 .text.cdcd_xfer_cb
                0x10008654      0x130 CMakeFiles/test.dir/C_/Program_Files/Raspberry_Pi/Pico_SDK_v1.5.1/pico-sdk/lib/tinyusb/src/class/cdc/cdc_device.c.obj
                0x10008654                cdcd_xfer_cb
 .text.tusb_init
                0x10008784        0xa CMakeFiles/test.dir/C_/Program_Files/Raspberry_Pi/Pico_SDK_v1.5.1/pico-sdk/lib/tinyusb/src/tusb.c.obj
                0x10008784                tusb_init
 .text.tusb_inited
                0x1000878e        0xe CMakeFiles/test.dir/C_/Program_Files/Raspberry_Pi/Pico_SDK_v1.5.1/pico-sdk/lib/tinyusb/src/tusb.c.obj
                0x1000878e                tusb_inited
 .text.tu_edpt_claim
                0x1000879c       0x50 CMakeFiles/test.dir/C_/Program_Files/Raspberry_Pi/Pico_SDK_v1.5.1/pico-sdk/lib/tinyusb/src/tusb.c.obj
                0x1000879c                tu_edpt_claim
 .text.tu_edpt_release
                0x100087ec       0x3c CMakeFiles/test.dir/C_/Program_Files/Raspberry_Pi/Pico_SDK_v1.5.1/pico-sdk/lib/tinyusb/src/tusb.c.obj
                0x100087ec                tu_edpt_release
 .text.tu_edpt_validate
                0x10008828       0x78 CMakeFiles/test.dir/C_/Program_Files/Raspberry_Pi/Pico_SDK_v1.5.1/pico-sdk/lib/tinyusb/src/tusb.c.obj
                0x10008828                tu_edpt_validate
 .text.tu_edpt_bind_driver
                0x100088a0       0x26 CMakeFiles/test.dir/C_/Program_Files/Raspberry_Pi/Pico_SDK_v1.5.1/pico-sdk/lib/tinyusb/src/tusb.c.obj
                0x100088a0                tu_edpt_bind_driver
 .text.advance_index
                0x100088c6       0x1a CMakeFiles/test.dir/C_/Program_Files/Raspberry_Pi/Pico_SDK_v1.5.1/pico-sdk/lib/tinyusb/src/common/tusb_fifo.c.obj
 .text._tu_fifo_peek
                0x100088e0       0x56 CMakeFiles/test.dir/C_/Program_Files/Raspberry_Pi/Pico_SDK_v1.5.1/pico-sdk/lib/tinyusb/src/common/tusb_fifo.c.obj
 .text._ff_pull_const_addr
                0x10008936       0x4c CMakeFiles/test.dir/C_/Program_Files/Raspberry_Pi/Pico_SDK_v1.5.1/pico-sdk/lib/tinyusb/src/common/tusb_fifo.c.obj
 .text._ff_pull_n
                0x10008982      0x110 CMakeFiles/test.dir/C_/Program_Files/Raspberry_Pi/Pico_SDK_v1.5.1/pico-sdk/lib/tinyusb/src/common/tusb_fifo.c.obj
 .text._tu_fifo_peek_n
                0x10008a92       0x6a CMakeFiles/test.dir/C_/Program_Files/Raspberry_Pi/Pico_SDK_v1.5.1/pico-sdk/lib/tinyusb/src/common/tusb_fifo.c.obj
 .text._tu_fifo_read_n
                0x10008afc       0x4e CMakeFiles/test.dir/C_/Program_Files/Raspberry_Pi/Pico_SDK_v1.5.1/pico-sdk/lib/tinyusb/src/common/tusb_fifo.c.obj
 .text._ff_push_const_addr
                0x10008b4a       0x40 CMakeFiles/test.dir/C_/Program_Files/Raspberry_Pi/Pico_SDK_v1.5.1/pico-sdk/lib/tinyusb/src/common/tusb_fifo.c.obj
 .text._ff_push_n
                0x10008b8a      0x10c CMakeFiles/test.dir/C_/Program_Files/Raspberry_Pi/Pico_SDK_v1.5.1/pico-sdk/lib/tinyusb/src/common/tusb_fifo.c.obj
 .text._tu_fifo_write_n
                0x10008c96       0xf0 CMakeFiles/test.dir/C_/Program_Files/Raspberry_Pi/Pico_SDK_v1.5.1/pico-sdk/lib/tinyusb/src/common/tusb_fifo.c.obj
 .text.tu_fifo_config
                0x10008d86       0x7c CMakeFiles/test.dir/C_/Program_Files/Raspberry_Pi/Pico_SDK_v1.5.1/pico-sdk/lib/tinyusb/src/common/tusb_fifo.c.obj
                0x10008d86                tu_fifo_config
 .text.tu_fifo_count
                0x10008e02       0x2a CMakeFiles/test.dir/C_/Program_Files/Raspberry_Pi/Pico_SDK_v1.5.1/pico-sdk/lib/tinyusb/src/common/tusb_fifo.c.obj
                0x10008e02                tu_fifo_count
 .text.tu_fifo_empty
                0x10008e2c       0x10 CMakeFiles/test.dir/C_/Program_Files/Raspberry_Pi/Pico_SDK_v1.5.1/pico-sdk/lib/tinyusb/src/common/tusb_fifo.c.obj
                0x10008e2c                tu_fifo_empty
 .text.tu_fifo_full
                0x10008e3c       0x28 CMakeFiles/test.dir/C_/Program_Files/Raspberry_Pi/Pico_SDK_v1.5.1/pico-sdk/lib/tinyusb/src/common/tusb_fifo.c.obj
                0x10008e3c                tu_fifo_full
 .text.tu_fifo_remaining
                0x10008e64       0x2c CMakeFiles/test.dir/C_/Program_Files/Raspberry_Pi/Pico_SDK_v1.5.1/pico-sdk/lib/tinyusb/src/common/tusb_fifo.c.obj
                0x10008e64                tu_fifo_remaining
 .text.tu_fifo_read
                0x10008e90       0x42 CMakeFiles/test.dir/C_/Program_Files/Raspberry_Pi/Pico_SDK_v1.5.1/pico-sdk/lib/tinyusb/src/common/tusb_fifo.c.obj
                0x10008e90                tu_fifo_read
 .text.tu_fifo_read_n
                0x10008ed2        0xa CMakeFiles/test.dir/C_/Program_Files/Raspberry_Pi/Pico_SDK_v1.5.1/pico-sdk/lib/tinyusb/src/common/tusb_fifo.c.obj
                0x10008ed2                tu_fifo_read_n
 .text.tu_fifo_write
                0x10008edc       0x64 CMakeFiles/test.dir/C_/Program_Files/Raspberry_Pi/Pico_SDK_v1.5.1/pico-sdk/lib/tinyusb/src/common/tusb_fifo.c.obj
                0x10008edc                tu_fifo_write
 .text.tu_fifo_write_n
                0x10008f40        0xa CMakeFiles/test.dir/C_/Program_Files/Raspberry_Pi/Pico_SDK_v1.5.1/pico-sdk/lib/tinyusb/src/common/tusb_fifo.c.obj
                0x10008f40                tu_fifo_write_n
 .text.tu_fifo_clear
                0x10008f4a       0x3e CMakeFiles/test.dir/C_/Program_Files/Raspberry_Pi/Pico_SDK_v1.5.1/pico-sdk/lib/tinyusb/src/common/tusb_fifo.c.obj
                0x10008f4a                tu_fifo_clear
 .text.tu_fifo_set_overwritable
                0x10008f88       0x46 CMakeFiles/test.dir/C_/Program_Files/Raspberry_Pi/Pico_SDK_v1.5.1/pico-sdk/lib/tinyusb/src/common/tusb_fifo.c.obj
                0x10008f88                tu_fifo_set_overwritable
 *fill*         0x10008fce        0x2 
 .text.atoi     0x10008fd0        0xc c:/progra~1/raspbe~1/picosd~1.1/gcc-ar~1/bin/../lib/gcc/arm-none-eabi/10.3.1/../../../../arm-none-eabi/lib/thumb/v6-m/nofp\libg.a(lib_a-atoi.o)
                0x10008fd0                atoi
 .text._calloc_r
                0x10008fdc       0x9c c:/progra~1/raspbe~1/picosd~1.1/gcc-ar~1/bin/../lib/gcc/arm-none-eabi/10.3.1/../../../../arm-none-eabi/lib/thumb/v6-m/nofp\libg.a(lib_a-callocr.o)
                0x10008fdc                _calloc_r
 .text.__errno  0x10009078        0xc c:/progra~1/raspbe~1/picosd~1.1/gcc-ar~1/bin/../lib/gcc/arm-none-eabi/10.3.1/../../../../arm-none-eabi/lib/thumb/v6-m/nofp\libg.a(lib_a-errno.o)
                0x10009078                __errno
 .text._fclose_r
                0x10009084       0xdc c:/progra~1/raspbe~1/picosd~1.1/gcc-ar~1/bin/../lib/gcc/arm-none-eabi/10.3.1/../../../../arm-none-eabi/lib/thumb/v6-m/nofp\libg.a(lib_a-fclose.o)
                0x10009084                _fclose_r
 .text.__sflush_r
                0x10009160      0x140 c:/progra~1/raspbe~1/picosd~1.1/gcc-ar~1/bin/../lib/gcc/arm-none-eabi/10.3.1/../../../../arm-none-eabi/lib/thumb/v6-m/nofp\libg.a(lib_a-fflush.o)
                0x10009160                __sflush_r
 .text._fflush_r
                0x100092a0       0x6c c:/progra~1/raspbe~1/picosd~1.1/gcc-ar~1/bin/../lib/gcc/arm-none-eabi/10.3.1/../../../../arm-none-eabi/lib/thumb/v6-m/nofp\libg.a(lib_a-fflush.o)
                0x100092a0                _fflush_r
 .text.fflush   0x1000930c       0x78 c:/progra~1/raspbe~1/picosd~1.1/gcc-ar~1/bin/../lib/gcc/arm-none-eabi/10.3.1/../../../../arm-none-eabi/lib/thumb/v6-m/nofp\libg.a(lib_a-fflush.o)
                0x1000930c                fflush
 .text._fgets_r
                0x10009384       0xf0 c:/progra~1/raspbe~1/picosd~1.1/gcc-ar~1/bin/../lib/gcc/arm-none-eabi/10.3.1/../../../../arm-none-eabi/lib/thumb/v6-m/nofp\libg.a(lib_a-fgets.o)
                0x10009384                _fgets_r
 .text.fgets    0x10009474       0x18 c:/progra~1/raspbe~1/picosd~1.1/gcc-ar~1/bin/../lib/gcc/arm-none-eabi/10.3.1/../../../../arm-none-eabi/lib/thumb/v6-m/nofp\libg.a(lib_a-fgets.o)
                0x10009474                fgets
 .text._cleanup_r
                0x1000948c       0x10 c:/progra~1/raspbe~1/picosd~1.1/gcc-ar~1/bin/../lib/gcc/arm-none-eabi/10.3.1/../../../../arm-none-eabi/lib/thumb/v6-m/nofp\libg.a(lib_a-findfp.o)
                0x1000948c                _cleanup_r
 .text.__sinit  0x1000949c      0x120 c:/progra~1/raspbe~1/picosd~1.1/gcc-ar~1/bin/../lib/gcc/arm-none-eabi/10.3.1/../../../../arm-none-eabi/lib/thumb/v6-m/nofp\libg.a(lib_a-findfp.o)
                0x1000949c                __sinit
 .text.__sfp_lock_acquire
                0x100095bc       0x10 c:/progra~1/raspbe~1/picosd~1.1/gcc-ar~1/bin/../lib/gcc/arm-none-eabi/10.3.1/../../../../arm-none-eabi/lib/thumb/v6-m/nofp\libg.a(lib_a-findfp.o)
                0x100095bc                __sfp_lock_acquire
 .text.__sfp_lock_release
                0x100095cc       0x10 c:/progra~1/raspbe~1/picosd~1.1/gcc-ar~1/bin/../lib/gcc/arm-none-eabi/10.3.1/../../../../arm-none-eabi/lib/thumb/v6-m/nofp\libg.a(lib_a-findfp.o)
                0x100095cc                __sfp_lock_release
 .text.fprintf  0x100095dc       0x24 c:/progra~1/raspbe~1/picosd~1.1/gcc-ar~1/bin/../lib/gcc/arm-none-eabi/10.3.1/../../../../arm-none-eabi/lib/thumb/v6-m/nofp\libg.a(lib_a-fprintf.o)
                0x100095dc                fprintf
 .text._malloc_trim_r
                0x10009600       0x9c c:/progra~1/raspbe~1/picosd~1.1/gcc-ar~1/bin/../lib/gcc/arm-none-eabi/10.3.1/../../../../arm-none-eabi/lib/thumb/v6-m/nofp\libg.a(lib_a-freer.o)
                0x10009600                _malloc_trim_r
 .text._free_r  0x1000969c      0x1c4 c:/progra~1/raspbe~1/picosd~1.1/gcc-ar~1/bin/../lib/gcc/arm-none-eabi/10.3.1/../../../../arm-none-eabi/lib/thumb/v6-m/nofp\libg.a(lib_a-freer.o)
                0x1000969c                _free_r
 .text._fstat_r
                0x10009860       0x28 c:/progra~1/raspbe~1/picosd~1.1/gcc-ar~1/bin/../lib/gcc/arm-none-eabi/10.3.1/../../../../arm-none-eabi/lib/thumb/v6-m/nofp\libg.a(lib_a-fstatr.o)
                0x10009860                _fstat_r
 .text._fwalk   0x10009888       0x40 c:/progra~1/raspbe~1/picosd~1.1/gcc-ar~1/bin/../lib/gcc/arm-none-eabi/10.3.1/../../../../arm-none-eabi/lib/thumb/v6-m/nofp\libg.a(lib_a-fwalk.o)
                0x10009888                _fwalk
 .text._fwalk_reent
                0x100098c8       0x48 c:/progra~1/raspbe~1/picosd~1.1/gcc-ar~1/bin/../lib/gcc/arm-none-eabi/10.3.1/../../../../arm-none-eabi/lib/thumb/v6-m/nofp\libg.a(lib_a-fwalk.o)
                0x100098c8                _fwalk_reent
 .text.getenv   0x10009910       0x18 c:/progra~1/raspbe~1/picosd~1.1/gcc-ar~1/bin/../lib/gcc/arm-none-eabi/10.3.1/../../../../arm-none-eabi/lib/thumb/v6-m/nofp\libg.a(lib_a-getenv.o)
                0x10009910                getenv
 .text._findenv_r
                0x10009928       0x90 c:/progra~1/raspbe~1/picosd~1.1/gcc-ar~1/bin/../lib/gcc/arm-none-eabi/10.3.1/../../../../arm-none-eabi/lib/thumb/v6-m/nofp\libg.a(lib_a-getenv_r.o)
                0x10009928                _findenv_r
 .text.__retarget_lock_init_recursive
                0x100099b8        0x4 c:/progra~1/raspbe~1/picosd~1.1/gcc-ar~1/bin/../lib/gcc/arm-none-eabi/10.3.1/../../../../arm-none-eabi/lib/thumb/v6-m/nofp\libg.a(lib_a-lock.o)
                0x100099b8                __retarget_lock_init_recursive
 .text.__retarget_lock_close_recursive
                0x100099bc        0x4 c:/progra~1/raspbe~1/picosd~1.1/gcc-ar~1/bin/../lib/gcc/arm-none-eabi/10.3.1/../../../../arm-none-eabi/lib/thumb/v6-m/nofp\libg.a(lib_a-lock.o)
                0x100099bc                __retarget_lock_close_recursive
 .text.__retarget_lock_acquire_recursive
                0x100099c0        0x4 c:/progra~1/raspbe~1/picosd~1.1/gcc-ar~1/bin/../lib/gcc/arm-none-eabi/10.3.1/../../../../arm-none-eabi/lib/thumb/v6-m/nofp\libg.a(lib_a-lock.o)
                0x100099c0                __retarget_lock_acquire_recursive
 .text.__retarget_lock_release_recursive
                0x100099c4        0x4 c:/progra~1/raspbe~1/picosd~1.1/gcc-ar~1/bin/../lib/gcc/arm-none-eabi/10.3.1/../../../../arm-none-eabi/lib/thumb/v6-m/nofp\libg.a(lib_a-lock.o)
                0x100099c4                __retarget_lock_release_recursive
 .text.__smakebuf_r
                0x100099c8       0xe4 c:/progra~1/raspbe~1/picosd~1.1/gcc-ar~1/bin/../lib/gcc/arm-none-eabi/10.3.1/../../../../arm-none-eabi/lib/thumb/v6-m/nofp\libg.a(lib_a-makebuf.o)
                0x100099c8                __smakebuf_r
 .text.malloc   0x10009aac       0x14 c:/progra~1/raspbe~1/picosd~1.1/gcc-ar~1/bin/../lib/gcc/arm-none-eabi/10.3.1/../../../../arm-none-eabi/lib/thumb/v6-m/nofp\libg.a(lib_a-malloc.o)
                0x10009aac                malloc
 .text.free     0x10009ac0       0x14 c:/progra~1/raspbe~1/picosd~1.1/gcc-ar~1/bin/../lib/gcc/arm-none-eabi/10.3.1/../../../../arm-none-eabi/lib/thumb/v6-m/nofp\libg.a(lib_a-malloc.o)
                0x10009ac0                free
 .text._malloc_r
                0x10009ad4      0x584 c:/progra~1/raspbe~1/picosd~1.1/gcc-ar~1/bin/../lib/gcc/arm-none-eabi/10.3.1/../../../../arm-none-eabi/lib/thumb/v6-m/nofp\libg.a(lib_a-mallocr.o)
                0x10009ad4                _malloc_r
 .text.memchr   0x1000a058       0x74 c:/progra~1/raspbe~1/picosd~1.1/gcc-ar~1/bin/../lib/gcc/arm-none-eabi/10.3.1/../../../../arm-none-eabi/lib/thumb/v6-m/nofp\libg.a(lib_a-memchr-stub.o)
                0x1000a058                memchr
 .text.memmove  0x1000a0cc       0xac c:/progra~1/raspbe~1/picosd~1.1/gcc-ar~1/bin/../lib/gcc/arm-none-eabi/10.3.1/../../../../arm-none-eabi/lib/thumb/v6-m/nofp\libg.a(lib_a-memmove.o)
                0x1000a0cc                memmove
 .text.__malloc_lock
                0x1000a178       0x10 c:/progra~1/raspbe~1/picosd~1.1/gcc-ar~1/bin/../lib/gcc/arm-none-eabi/10.3.1/../../../../arm-none-eabi/lib/thumb/v6-m/nofp\libg.a(lib_a-mlock.o)
                0x1000a178                __malloc_lock
 .text.__malloc_unlock
                0x1000a188       0x10 c:/progra~1/raspbe~1/picosd~1.1/gcc-ar~1/bin/../lib/gcc/arm-none-eabi/10.3.1/../../../../arm-none-eabi/lib/thumb/v6-m/nofp\libg.a(lib_a-mlock.o)
                0x1000a188                __malloc_unlock
 .text.realloc  0x1000a198       0x18 c:/progra~1/raspbe~1/picosd~1.1/gcc-ar~1/bin/../lib/gcc/arm-none-eabi/10.3.1/../../../../arm-none-eabi/lib/thumb/v6-m/nofp\libg.a(lib_a-realloc.o)
                0x1000a198                realloc
 .text._realloc_r
                0x1000a1b0      0x354 c:/progra~1/raspbe~1/picosd~1.1/gcc-ar~1/bin/../lib/gcc/arm-none-eabi/10.3.1/../../../../arm-none-eabi/lib/thumb/v6-m/nofp\libg.a(lib_a-reallocr.o)
                0x1000a1b0                _realloc_r
 .text.lflush   0x1000a504       0x1c c:/progra~1/raspbe~1/picosd~1.1/gcc-ar~1/bin/../lib/gcc/arm-none-eabi/10.3.1/../../../../arm-none-eabi/lib/thumb/v6-m/nofp\libg.a(lib_a-refill.o)
 .text.__srefill_r
                0x1000a520      0x124 c:/progra~1/raspbe~1/picosd~1.1/gcc-ar~1/bin/../lib/gcc/arm-none-eabi/10.3.1/../../../../arm-none-eabi/lib/thumb/v6-m/nofp\libg.a(lib_a-refill.o)
                0x1000a520                __srefill_r
 .text._sbrk_r  0x1000a644       0x24 c:/progra~1/raspbe~1/picosd~1.1/gcc-ar~1/bin/../lib/gcc/arm-none-eabi/10.3.1/../../../../arm-none-eabi/lib/thumb/v6-m/nofp\libg.a(lib_a-sbrkr.o)
                0x1000a644                _sbrk_r
 .text.sscanf   0x1000a668       0x50 c:/progra~1/raspbe~1/picosd~1.1/gcc-ar~1/bin/../lib/gcc/arm-none-eabi/10.3.1/../../../../arm-none-eabi/lib/thumb/v6-m/nofp\libg.a(lib_a-sscanf.o)
                0x1000a668                sscanf
 .text.__sread  0x1000a6b8       0x28 c:/progra~1/raspbe~1/picosd~1.1/gcc-ar~1/bin/../lib/gcc/arm-none-eabi/10.3.1/../../../../arm-none-eabi/lib/thumb/v6-m/nofp\libg.a(lib_a-stdio.o)
                0x1000a6b8                __sread
 .text.__seofread
                0x1000a6e0        0x4 c:/progra~1/raspbe~1/picosd~1.1/gcc-ar~1/bin/../lib/gcc/arm-none-eabi/10.3.1/../../../../arm-none-eabi/lib/thumb/v6-m/nofp\libg.a(lib_a-stdio.o)
                0x1000a6e0                __seofread
 .text.__swrite
                0x1000a6e4       0x40 c:/progra~1/raspbe~1/picosd~1.1/gcc-ar~1/bin/../lib/gcc/arm-none-eabi/10.3.1/../../../../arm-none-eabi/lib/thumb/v6-m/nofp\libg.a(lib_a-stdio.o)
                0x1000a6e4                __swrite
 .text.__sseek  0x1000a724       0x2c c:/progra~1/raspbe~1/picosd~1.1/gcc-ar~1/bin/../lib/gcc/arm-none-eabi/10.3.1/../../../../arm-none-eabi/lib/thumb/v6-m/nofp\libg.a(lib_a-stdio.o)
                0x1000a724                __sseek
 .text.__sclose
                0x1000a750        0xc c:/progra~1/raspbe~1/picosd~1.1/gcc-ar~1/bin/../lib/gcc/arm-none-eabi/10.3.1/../../../../arm-none-eabi/lib/thumb/v6-m/nofp\libg.a(lib_a-stdio.o)
                0x1000a750                __sclose
 .text.strcasecmp
                0x1000a75c       0x44 c:/progra~1/raspbe~1/picosd~1.1/gcc-ar~1/bin/../lib/gcc/arm-none-eabi/10.3.1/../../../../arm-none-eabi/lib/thumb/v6-m/nofp\libg.a(lib_a-strcasecmp.o)
                0x1000a75c                strcasecmp
 .text.strchr   0x1000a7a0       0xc0 c:/progra~1/raspbe~1/picosd~1.1/gcc-ar~1/bin/../lib/gcc/arm-none-eabi/10.3.1/../../../../arm-none-eabi/lib/thumb/v6-m/nofp\libg.a(lib_a-strchr.o)
                0x1000a7a0                strchr
 .text          0x1000a860       0x88 c:/progra~1/raspbe~1/picosd~1.1/gcc-ar~1/bin/../lib/gcc/arm-none-eabi/10.3.1/../../../../arm-none-eabi/lib/thumb/v6-m/nofp\libg.a(lib_a-strcmp.o)
                0x1000a860                strcmp
 .text.strlen   0x1000a8e8       0x5c c:/progra~1/raspbe~1/picosd~1.1/gcc-ar~1/bin/../lib/gcc/arm-none-eabi/10.3.1/../../../../arm-none-eabi/lib/thumb/v6-m/nofp\libg.a(lib_a-strlen-stub.o)
                0x1000a8e8                strlen
 .text.strncasecmp
                0x1000a944       0x50 c:/progra~1/raspbe~1/picosd~1.1/gcc-ar~1/bin/../lib/gcc/arm-none-eabi/10.3.1/../../../../arm-none-eabi/lib/thumb/v6-m/nofp\libg.a(lib_a-strncasecmp.o)
                0x1000a944                strncasecmp
 .text.strncmp  0x1000a994       0x74 c:/progra~1/raspbe~1/picosd~1.1/gcc-ar~1/bin/../lib/gcc/arm-none-eabi/10.3.1/../../../../arm-none-eabi/lib/thumb/v6-m/nofp\libg.a(lib_a-strncmp.o)
                0x1000a994                strncmp
 .text.strncpy  0x1000aa08       0x6c c:/progra~1/raspbe~1/picosd~1.1/gcc-ar~1/bin/../lib/gcc/arm-none-eabi/10.3.1/../../../../arm-none-eabi/lib/thumb/v6-m/nofp\libg.a(lib_a-strncpy.o)
                0x1000aa08                strncpy
 .text.two_way_long_needle
                0x1000aa74      0x288 c:/progra~1/raspbe~1/picosd~1.1/gcc-ar~1/bin/../lib/gcc/arm-none-eabi/10.3.1/../../../../arm-none-eabi/lib/thumb/v6-m/nofp\libg.a(lib_a-strstr.o)
 .text.strstr   0x1000acfc      0x174 c:/progra~1/raspbe~1/picosd~1.1/gcc-ar~1/bin/../lib/gcc/arm-none-eabi/10.3.1/../../../../arm-none-eabi/lib/thumb/v6-m/nofp\libg.a(lib_a-strstr.o)
                0x1000acfc                strstr
 .text._strtol_l.part.0
                0x1000ae70      0x144 c:/progra~1/raspbe~1/picosd~1.1/gcc-ar~1/bin/../lib/gcc/arm-none-eabi/10.3.1/../../../../arm-none-eabi/lib/thumb/v6-m/nofp\libg.a(lib_a-strtol.o)
 .text._strtol_r
                0x1000afb4       0x1c c:/progra~1/raspbe~1/picosd~1.1/gcc-ar~1/bin/../lib/gcc/arm-none-eabi/10.3.1/../../../../arm-none-eabi/lib/thumb/v6-m/nofp\libg.a(lib_a-strtol.o)
                0x1000afb4                _strtol_r
 .text.strtol   0x1000afd0       0x2c c:/progra~1/raspbe~1/picosd~1.1/gcc-ar~1/bin/../lib/gcc/arm-none-eabi/10.3.1/../../../../arm-none-eabi/lib/thumb/v6-m/nofp\libg.a(lib_a-strtol.o)
                0x1000afd0                strtol
 .text.__ssvfscanf_r
                0x1000affc     0x17a0 c:/progra~1/raspbe~1/picosd~1.1/gcc-ar~1/bin/../lib/gcc/arm-none-eabi/10.3.1/../../../../arm-none-eabi/lib/thumb/v6-m/nofp\libg.a(lib_a-svfscanf.o)
                0x1000affc                __ssvfscanf_r
 .text.isatty   0x1000c79c        0x8 c:/progra~1/raspbe~1/picosd~1.1/gcc-ar~1/bin/../lib/gcc/arm-none-eabi/10.3.1/../../../../arm-none-eabi/lib/thumb/v6-m/nofp\libg.a(lib_a-sysisatty.o)
                0x1000c79c                isatty
 .text._vfprintf_r
                0x1000c7a4     0x1c44 c:/progra~1/raspbe~1/picosd~1.1/gcc-ar~1/bin/../lib/gcc/arm-none-eabi/10.3.1/../../../../arm-none-eabi/lib/thumb/v6-m/nofp\libg.a(lib_a-vfprintf.o)
                0x1000c7a4                _vfprintf_r
 .text.__sbprintf
                0x1000e3e8       0x8c c:/progra~1/raspbe~1/picosd~1.1/gcc-ar~1/bin/../lib/gcc/arm-none-eabi/10.3.1/../../../../arm-none-eabi/lib/thumb/v6-m/nofp\libg.a(lib_a-vfprintf.o)
 .text._write_r
                0x1000e474       0x28 c:/progra~1/raspbe~1/picosd~1.1/gcc-ar~1/bin/../lib/gcc/arm-none-eabi/10.3.1/../../../../arm-none-eabi/lib/thumb/v6-m/nofp\libg.a(lib_a-writer.o)
                0x1000e474                _write_r
 .text.__swsetup_r
                0x1000e49c       0xdc c:/progra~1/raspbe~1/picosd~1.1/gcc-ar~1/bin/../lib/gcc/arm-none-eabi/10.3.1/../../../../arm-none-eabi/lib/thumb/v6-m/nofp\libg.a(lib_a-wsetup.o)
                0x1000e49c                __swsetup_r
 .text._close_r
                0x1000e578       0x24 c:/progra~1/raspbe~1/picosd~1.1/gcc-ar~1/bin/../lib/gcc/arm-none-eabi/10.3.1/../../../../arm-none-eabi/lib/thumb/v6-m/nofp\libg.a(lib_a-closer.o)
                0x1000e578                _close_r
 .text.quorem   0x1000e59c      0x148 c:/progra~1/raspbe~1/picosd~1.1/gcc-ar~1/bin/../lib/gcc/arm-none-eabi/10.3.1/../../../../arm-none-eabi/lib/thumb/v6-m/nofp\libg.a(lib_a-dtoa.o)
 .text._dtoa_r  0x1000e6e4      0xfbc c:/progra~1/raspbe~1/picosd~1.1/gcc-ar~1/bin/../lib/gcc/arm-none-eabi/10.3.1/../../../../arm-none-eabi/lib/thumb/v6-m/nofp\libg.a(lib_a-dtoa.o)
                0x1000e6e4                _dtoa_r
 .text.__env_lock
                0x1000f6a0       0x10 c:/progra~1/raspbe~1/picosd~1.1/gcc-ar~1/bin/../lib/gcc/arm-none-eabi/10.3.1/../../../../arm-none-eabi/lib/thumb/v6-m/nofp\libg.a(lib_a-envlock.o)
                0x1000f6a0                __env_lock
 .text.__env_unlock
                0x1000f6b0       0x10 c:/progra~1/raspbe~1/picosd~1.1/gcc-ar~1/bin/../lib/gcc/arm-none-eabi/10.3.1/../../../../arm-none-eabi/lib/thumb/v6-m/nofp\libg.a(lib_a-envlock.o)
                0x1000f6b0                __env_unlock
 .text._isatty_r
                0x1000f6c0       0x24 c:/progra~1/raspbe~1/picosd~1.1/gcc-ar~1/bin/../lib/gcc/arm-none-eabi/10.3.1/../../../../arm-none-eabi/lib/thumb/v6-m/nofp\libg.a(lib_a-isattyr.o)
                0x1000f6c0                _isatty_r
 .text.iswspace
                0x1000f6e4        0xc c:/progra~1/raspbe~1/picosd~1.1/gcc-ar~1/bin/../lib/gcc/arm-none-eabi/10.3.1/../../../../arm-none-eabi/lib/thumb/v6-m/nofp\libg.a(lib_a-iswspace.o)
                0x1000f6e4                iswspace
 .text.iswspace_l
                0x1000f6f0       0x18 c:/progra~1/raspbe~1/picosd~1.1/gcc-ar~1/bin/../lib/gcc/arm-none-eabi/10.3.1/../../../../arm-none-eabi/lib/thumb/v6-m/nofp\libg.a(lib_a-iswspace_l.o)
                0x1000f6f0                iswspace_l
 .text.__locale_mb_cur_max
                0x1000f708       0x10 c:/progra~1/raspbe~1/picosd~1.1/gcc-ar~1/bin/../lib/gcc/arm-none-eabi/10.3.1/../../../../arm-none-eabi/lib/thumb/v6-m/nofp\libg.a(lib_a-locale.o)
                0x1000f708                __locale_mb_cur_max
 .text._localeconv_r
                0x1000f718        0x8 c:/progra~1/raspbe~1/picosd~1.1/gcc-ar~1/bin/../lib/gcc/arm-none-eabi/10.3.1/../../../../arm-none-eabi/lib/thumb/v6-m/nofp\libg.a(lib_a-localeconv.o)
                0x1000f718                _localeconv_r
 .text._lseek_r
                0x1000f720       0x28 c:/progra~1/raspbe~1/picosd~1.1/gcc-ar~1/bin/../lib/gcc/arm-none-eabi/10.3.1/../../../../arm-none-eabi/lib/thumb/v6-m/nofp\libg.a(lib_a-lseekr.o)
                0x1000f720                _lseek_r
 .text._mbrtowc_r
                0x1000f748       0x4c c:/progra~1/raspbe~1/picosd~1.1/gcc-ar~1/bin/../lib/gcc/arm-none-eabi/10.3.1/../../../../arm-none-eabi/lib/thumb/v6-m/nofp\libg.a(lib_a-mbrtowc.o)
                0x1000f748                _mbrtowc_r
 .text.__ascii_mbtowc
                0x1000f794       0x2c c:/progra~1/raspbe~1/picosd~1.1/gcc-ar~1/bin/../lib/gcc/arm-none-eabi/10.3.1/../../../../arm-none-eabi/lib/thumb/v6-m/nofp\libg.a(lib_a-mbtowc_r.o)
                0x1000f794                __ascii_mbtowc
 .text.memcmp   0x1000f7c0       0x48 c:/progra~1/raspbe~1/picosd~1.1/gcc-ar~1/bin/../lib/gcc/arm-none-eabi/10.3.1/../../../../arm-none-eabi/lib/thumb/v6-m/nofp\libg.a(lib_a-memcmp.o)
                0x1000f7c0                memcmp
 .text._Balloc  0x1000f808       0x50 c:/progra~1/raspbe~1/picosd~1.1/gcc-ar~1/bin/../lib/gcc/arm-none-eabi/10.3.1/../../../../arm-none-eabi/lib/thumb/v6-m/nofp\libg.a(lib_a-mprec.o)
                0x1000f808                _Balloc
 .text._Bfree   0x1000f858       0x14 c:/progra~1/raspbe~1/picosd~1.1/gcc-ar~1/bin/../lib/gcc/arm-none-eabi/10.3.1/../../../../arm-none-eabi/lib/thumb/v6-m/nofp\libg.a(lib_a-mprec.o)
                0x1000f858                _Bfree
 .text.__multadd
                0x1000f86c       0xa8 c:/progra~1/raspbe~1/picosd~1.1/gcc-ar~1/bin/../lib/gcc/arm-none-eabi/10.3.1/../../../../arm-none-eabi/lib/thumb/v6-m/nofp\libg.a(lib_a-mprec.o)
                0x1000f86c                __multadd
 .text.__s2b    0x1000f914       0xb0 c:/progra~1/raspbe~1/picosd~1.1/gcc-ar~1/bin/../lib/gcc/arm-none-eabi/10.3.1/../../../../arm-none-eabi/lib/thumb/v6-m/nofp\libg.a(lib_a-mprec.o)
                0x1000f914                __s2b
 .text.__hi0bits
                0x1000f9c4       0x38 c:/progra~1/raspbe~1/picosd~1.1/gcc-ar~1/bin/../lib/gcc/arm-none-eabi/10.3.1/../../../../arm-none-eabi/lib/thumb/v6-m/nofp\libg.a(lib_a-mprec.o)
                0x1000f9c4                __hi0bits
 .text.__lo0bits
                0x1000f9fc       0x5c c:/progra~1/raspbe~1/picosd~1.1/gcc-ar~1/bin/../lib/gcc/arm-none-eabi/10.3.1/../../../../arm-none-eabi/lib/thumb/v6-m/nofp\libg.a(lib_a-mprec.o)
                0x1000f9fc                __lo0bits
 .text.__i2b    0x1000fa58       0x60 c:/progra~1/raspbe~1/picosd~1.1/gcc-ar~1/bin/../lib/gcc/arm-none-eabi/10.3.1/../../../../arm-none-eabi/lib/thumb/v6-m/nofp\libg.a(lib_a-mprec.o)
                0x1000fa58                __i2b
 .text.__multiply
                0x1000fab8      0x1a4 c:/progra~1/raspbe~1/picosd~1.1/gcc-ar~1/bin/../lib/gcc/arm-none-eabi/10.3.1/../../../../arm-none-eabi/lib/thumb/v6-m/nofp\libg.a(lib_a-mprec.o)
                0x1000fab8                __multiply
 .text.__pow5mult
                0x1000fc5c       0xd8 c:/progra~1/raspbe~1/picosd~1.1/gcc-ar~1/bin/../lib/gcc/arm-none-eabi/10.3.1/../../../../arm-none-eabi/lib/thumb/v6-m/nofp\libg.a(lib_a-mprec.o)
                0x1000fc5c                __pow5mult
 .text.__lshift
                0x1000fd34       0xfc c:/progra~1/raspbe~1/picosd~1.1/gcc-ar~1/bin/../lib/gcc/arm-none-eabi/10.3.1/../../../../arm-none-eabi/lib/thumb/v6-m/nofp\libg.a(lib_a-mprec.o)
                0x1000fd34                __lshift
 .text.__mcmp   0x1000fe30       0x34 c:/progra~1/raspbe~1/picosd~1.1/gcc-ar~1/bin/../lib/gcc/arm-none-eabi/10.3.1/../../../../arm-none-eabi/lib/thumb/v6-m/nofp\libg.a(lib_a-mprec.o)
                0x1000fe30                __mcmp
 .text.__mdiff  0x1000fe64      0x18c c:/progra~1/raspbe~1/picosd~1.1/gcc-ar~1/bin/../lib/gcc/arm-none-eabi/10.3.1/../../../../arm-none-eabi/lib/thumb/v6-m/nofp\libg.a(lib_a-mprec.o)
                0x1000fe64                __mdiff
 .text.__ulp    0x1000fff0       0x48 c:/progra~1/raspbe~1/picosd~1.1/gcc-ar~1/bin/../lib/gcc/arm-none-eabi/10.3.1/../../../../arm-none-eabi/lib/thumb/v6-m/nofp\libg.a(lib_a-mprec.o)
                0x1000fff0                __ulp
 .text.__b2d    0x10010038       0xc8 c:/progra~1/raspbe~1/picosd~1.1/gcc-ar~1/bin/../lib/gcc/arm-none-eabi/10.3.1/../../../../arm-none-eabi/lib/thumb/v6-m/nofp\libg.a(lib_a-mprec.o)
                0x10010038                __b2d
 .text.__d2b    0x10010100       0xd8 c:/progra~1/raspbe~1/picosd~1.1/gcc-ar~1/bin/../lib/gcc/arm-none-eabi/10.3.1/../../../../arm-none-eabi/lib/thumb/v6-m/nofp\libg.a(lib_a-mprec.o)
                0x10010100                __d2b
 .text.__ratio  0x100101d8       0x68 c:/progra~1/raspbe~1/picosd~1.1/gcc-ar~1/bin/../lib/gcc/arm-none-eabi/10.3.1/../../../../arm-none-eabi/lib/thumb/v6-m/nofp\libg.a(lib_a-mprec.o)
                0x100101d8                __ratio
 .text.__copybits
                0x10010240       0x40 c:/progra~1/raspbe~1/picosd~1.1/gcc-ar~1/bin/../lib/gcc/arm-none-eabi/10.3.1/../../../../arm-none-eabi/lib/thumb/v6-m/nofp\libg.a(lib_a-mprec.o)
                0x10010240                __copybits
 .text.__any_on
                0x10010280       0x50 c:/progra~1/raspbe~1/picosd~1.1/gcc-ar~1/bin/../lib/gcc/arm-none-eabi/10.3.1/../../../../arm-none-eabi/lib/thumb/v6-m/nofp\libg.a(lib_a-mprec.o)
                0x10010280                __any_on
 .text._read_r  0x100102d0       0x28 c:/progra~1/raspbe~1/picosd~1.1/gcc-ar~1/bin/../lib/gcc/arm-none-eabi/10.3.1/../../../../arm-none-eabi/lib/thumb/v6-m/nofp\libg.a(lib_a-readr.o)
                0x100102d0                _read_r